Component: ARM Compiler 5.06 update 6 (build 750) Tool: armlink [4d35ed]

==============================================================================

Section Cross References

    startup_stm32f103xb.o(STACK) refers (Special) to heapauxi.o(.text) for __use_two_region_memory
    startup_stm32f103xb.o(HEAP) refers (Special) to heapauxi.o(.text) for __use_two_region_memory
    startup_stm32f103xb.o(RESET) refers (Special) to heapauxi.o(.text) for __use_two_region_memory
    startup_stm32f103xb.o(RESET) refers to startup_stm32f103xb.o(STACK) for __initial_sp
    startup_stm32f103xb.o(RESET) refers to startup_stm32f103xb.o(.text) for Reset_Handler
    startup_stm32f103xb.o(RESET) refers to stm32f1xx_it.o(i.NMI_Handler) for NMI_Handler
    startup_stm32f103xb.o(RESET) refers to stm32f1xx_it.o(i.HardFault_Handler) for HardFault_Handler
    startup_stm32f103xb.o(RESET) refers to stm32f1xx_it.o(i.MemManage_Handler) for MemManage_Handler
    startup_stm32f103xb.o(RESET) refers to stm32f1xx_it.o(i.BusFault_Handler) for BusFault_Handler
    startup_stm32f103xb.o(RESET) refers to stm32f1xx_it.o(i.UsageFault_Handler) for UsageFault_Handler
    startup_stm32f103xb.o(RESET) refers to stm32f1xx_it.o(i.SVC_Handler) for SVC_Handler
    startup_stm32f103xb.o(RESET) refers to stm32f1xx_it.o(i.DebugMon_Handler) for DebugMon_Handler
    startup_stm32f103xb.o(RESET) refers to stm32f1xx_it.o(i.PendSV_Handler) for PendSV_Handler
    startup_stm32f103xb.o(RESET) refers to stm32f1xx_it.o(i.SysTick_Handler) for SysTick_Handler
    startup_stm32f103xb.o(.text) refers (Special) to heapauxi.o(.text) for __use_two_region_memory
    startup_stm32f103xb.o(.text) refers to system_stm32f1xx.o(i.SystemInit) for SystemInit
    startup_stm32f103xb.o(.text) refers to __main.o(!!!main) for __main
    startup_stm32f103xb.o(.text) refers to startup_stm32f103xb.o(HEAP) for Heap_Mem
    startup_stm32f103xb.o(.text) refers to startup_stm32f103xb.o(STACK) for Stack_Mem
    main.o(i.Add_RemoveCard) refers to main.o(i.keyPad) for keyPad
    main.o(i.Add_RemoveCard) refers to main.o(i.Display_Add_Remove) for Display_Add_Remove
    main.o(i.Add_RemoveCard) refers to rfid_rcc522.o(i.MFRC522_Check) for MFRC522_Check
    main.o(i.Add_RemoveCard) refers to main.o(i.Slave_Name_Add) for Slave_Name_Add
    main.o(i.Add_RemoveCard) refers to flash.o(i.Flash_Erase) for Flash_Erase
    main.o(i.Add_RemoveCard) refers to flash.o(i.Flash_Write_Array) for Flash_Write_Array
    main.o(i.Add_RemoveCard) refers to aeabi_memset.o(.text) for __aeabi_memset
    main.o(i.Add_RemoveCard) refers to lcd20x4.o(i.LCD20X4_Clear) for LCD20X4_Clear
    main.o(i.Add_RemoveCard) refers to main.o(.data) for .data
    main.o(i.Add_RemoveCard) refers to main.o(.bss) for .bss
    main.o(i.Check_Add_Remove) refers to lcd20x4.o(i.LCD20X4_Clear) for LCD20X4_Clear
    main.o(i.Check_Add_Remove) refers to main.o(i.Check_CardID) for Check_CardID
    main.o(i.Check_Add_Remove) refers to main.o(i.Display_Check_Add_Remove) for Display_Check_Add_Remove
    main.o(i.Check_Add_Remove) refers to main.o(i.Add_RemoveCard) for Add_RemoveCard
    main.o(i.Check_Add_Remove) refers to main.o(.data) for .data
    main.o(i.Check_CardID) refers to main.o(i.keyPad) for keyPad
    main.o(i.Check_CardID) refers to rfid_rcc522.o(i.MFRC522_Check) for MFRC522_Check
    main.o(i.Check_CardID) refers to main.o(.data) for .data
    main.o(i.Check_CardID) refers to main.o(.bss) for .bss
    main.o(i.Check_Creat_Change_PassID) refers to main.o(i.keyPad) for keyPad
    main.o(i.Check_Creat_Change_PassID) refers to lcd20x4.o(i.LCD20X4_Clear) for LCD20X4_Clear
    main.o(i.Check_Creat_Change_PassID) refers to main.o(i.Check_CardID) for Check_CardID
    main.o(i.Check_Creat_Change_PassID) refers to main.o(i.Display_Check_Creat_Change_Pass) for Display_Check_Creat_Change_Pass
    main.o(i.Check_Creat_Change_PassID) refers to main.o(i.Creat_Change_PassID) for Creat_Change_PassID
    main.o(i.Check_Creat_Change_PassID) refers to main.o(.data) for .data
    main.o(i.Check_PassID) refers to lcd20x4.o(i.LCD20X4_Clear) for LCD20X4_Clear
    main.o(i.Check_PassID) refers to main.o(i.keyPad) for keyPad
    main.o(i.Check_PassID) refers to main.o(i.Display_CheckPass_Corret_Error) for Display_CheckPass_Corret_Error
    main.o(i.Check_PassID) refers to main.o(i.Display_PassHome) for Display_PassHome
    main.o(i.Check_PassID) refers to main.o(.data) for .data
    main.o(i.Creat_Change_PassID) refers to main.o(i.keyPad) for keyPad
    main.o(i.Creat_Change_PassID) refers to lcd20x4.o(i.LCD20X4_Gotoxy) for LCD20X4_Gotoxy
    main.o(i.Creat_Change_PassID) refers to lcd20x4.o(i.LCD20X4_PutString) for LCD20X4_PutString
    main.o(i.Creat_Change_PassID) refers to main.o(i.Display_Creat_Change_Pass) for Display_Creat_Change_Pass
    main.o(i.Creat_Change_PassID) refers to flash.o(i.Flash_Erase) for Flash_Erase
    main.o(i.Creat_Change_PassID) refers to flash.o(i.Flash_Write_Array) for Flash_Write_Array
[...]
    .ARM.Collect$$libinit$$00000015          0x08000162   Section        0  libinit2.o(.ARM.Collect$$libinit$$00000015)
    .ARM.Collect$$libinit$$00000017          0x08000162   Section        0  libinit2.o(.ARM.Collect$$libinit$$00000017)
    .ARM.Collect$$libinit$$00000019          0x08000162   Section        0  libinit2.o(.ARM.Collect$$libinit$$00000019)
    .ARM.Collect$$libinit$$0000001B          0x08000162   Section        0  libinit2.o(.ARM.Collect$$libinit$$0000001B)
    .ARM.Collect$$libinit$$0000001D          0x08000162   Section        0  libinit2.o(.ARM.Collect$$libinit$$0000001D)
    .ARM.Collect$$libinit$$0000001F          0x08000162   Section        0  libinit2.o(.ARM.Collect$$libinit$$0000001F)
    .ARM.Collect$$libinit$$00000021          0x08000162   Section        0  libinit2.o(.ARM.Collect$$libinit$$00000021)
    .ARM.Collect$$libinit$$00000023          0x08000162   Section        0  libinit2.o(.ARM.Collect$$libinit$$00000023)
    .ARM.Collect$$libinit$$00000025          0x08000162   Section        0  libinit2.o(.ARM.Collect$$libinit$$00000025)
    .ARM.Collect$$libinit$$0000002C          0x08000162   Section        0  libinit2.o(.ARM.Collect$$libinit$$0000002C)
    .ARM.Collect$$libinit$$0000002E          0x08000162   Section        0  libinit2.o(.ARM.Collect$$libinit$$0000002E)
    .ARM.Collect$$libinit$$00000030          0x08000162   Section        0  libinit2.o(.ARM.Collect$$libinit$$00000030)
    .ARM.Collect$$libinit$$00000032          0x08000162   Section        0  libinit2.o(.ARM.Collect$$libinit$$00000032)
    .ARM.Collect$$libinit$$00000033          0x08000162   Section        2  libinit2.o(.ARM.Collect$$libinit$$00000033)
    .ARM.Collect$$libshutdown$$00000000      0x08000164   Section        2  libshutdown.o(.ARM.Collect$$libshutdown$$00000000)
    .ARM.Collect$$libshutdown$$00000002      0x08000166   Section        0  libshutdown2.o(.ARM.Collect$$libshutdown$$00000002)
    .ARM.Collect$$libshutdown$$00000004      0x08000166   Section        0  libshutdown2.o(.ARM.Collect$$libshutdown$$00000004)
    .ARM.Collect$$libshutdown$$00000007      0x08000166   Section        0  libshutdown2.o(.ARM.Collect$$libshutdown$$00000007)
    .ARM.Collect$$libshutdown$$0000000A      0x08000166   Section        0  libshutdown2.o(.ARM.Collect$$libshutdown$$0000000A)
    .ARM.Collect$$libshutdown$$0000000C      0x08000166   Section        0  libshutdown2.o(.ARM.Collect$$libshutdown$$0000000C)
    .ARM.Collect$$libshutdown$$0000000F      0x08000166   Section        0  libshutdown2.o(.ARM.Collect$$libshutdown$$0000000F)
    .ARM.Collect$$libshutdown$$00000010      0x08000166   Section        2  libshutdown2.o(.ARM.Collect$$libshutdown$$00000010)
    .ARM.Collect$$rtentry$$00000000          0x08000168   Section        0  __rtentry.o(.ARM.Collect$$rtentry$$00000000)
    .ARM.Collect$$rtentry$$00000002          0x08000168   Section        0  __rtentry2.o(.ARM.Collect$$rtentry$$00000002)
    .ARM.Collect$$rtentry$$00000004          0x08000168   Section        6  __rtentry4.o(.ARM.Collect$$rtentry$$00000004)
    .ARM.Collect$$rtentry$$00000009          0x0800016e   Section        0  __rtentry2.o(.ARM.Collect$$rtentry$$00000009)
    .ARM.Collect$$rtentry$$0000000A          0x0800016e   Section        4  __rtentry2.o(.ARM.Collect$$rtentry$$0000000A)
    .ARM.Collect$$rtentry$$0000000C          0x08000172   Section        0  __rtentry2.o(.ARM.Collect$$rtentry$$0000000C)
    .ARM.Collect$$rtentry$$0000000D          0x08000172   Section        8  __rtentry2.o(.ARM.Collect$$rtentry$$0000000D)
    .ARM.Collect$$rtexit$$00000000           0x0800017a   Section        2  rtexit.o(.ARM.Collect$$rtexit$$00000000)
    .ARM.Collect$$rtexit$$00000002           0x0800017c   Section        0  rtexit2.o(.ARM.Collect$$rtexit$$00000002)
    .ARM.Collect$$rtexit$$00000003           0x0800017c   Section        4  rtexit2.o(.ARM.Collect$$rtexit$$00000003)
    .ARM.Collect$$rtexit$$00000004           0x08000180   Section        6  rtexit2.o(.ARM.Collect$$rtexit$$00000004)
    .text                                    0x08000188   Section       64  startup_stm32f103xb.o(.text)
    .text                                    0x080001c8   Section       38  llushr.o(.text)
    .text                                    0x080001ee   Section      100  rt_memcpy_w.o(.text)
    .text                                    0x08000252   Section       16  aeabi_memset.o(.text)
    .text                                    0x08000262   Section       78  rt_memclr_w.o(.text)
    .text                                    0x080002b0   Section      128  strcmpv7m.o(.text)
    .text                                    0x08000330   Section        0  heapauxi.o(.text)
    .text                                    0x08000336   Section       68  rt_memclr.o(.text)
    .text                                    0x0800037a   Section       74  sys_stackheap_outer.o(.text)
    .text                                    0x080003c4   Section        0  exit.o(.text)
    .text                                    0x080003d8   Section        8  libspace.o(.text)
    .text                                    0x080003e0   Section        0  sys_exit.o(.text)
    .text                                    0x080003ec   Section        2  use_no_semi.o(.text)
    .text                                    0x080003ee   Section        0  indicate_semi.o(.text)
    i.Add_RemoveCard                         0x080003f0   Section        0  main.o(i.Add_RemoveCard)
    i.AntennaOn                              0x08000730   Section        0  rfid_rcc522.o(i.AntennaOn)
    i.BusFault_Handler                       0x08000744   Section        0  stm32f1xx_it.o(i.BusFault_Handler)
    i.CalulateCRC                            0x08000746   Section        0  rfid_rcc522.o(i.CalulateCRC)
    i.Check_Add_Remove                       0x080007a4   Section        0  main.o(i.Check_Add_Remove)
    i.Check_CardID                           0x080007f8   Section        0  main.o(i.Check_CardID)
    i.Check_Creat_Change_PassID              0x08000924   Section        0  main.o(i.Check_Creat_Change_PassID)
    i.Check_PassID                           0x08000988   Section        0  main.o(i.Check_PassID)
    i.ClearBitMask                           0x08000c10   Section        0  rfid_rcc522.o(i.ClearBitMask)
    i.Creat_Change_PassID                    0x08000c28   Section        0  main.o(i.Creat_Change_PassID)
    i.DebugMon_Handler                       0x080014d0   Section        0  stm32f1xx_it.o(i.DebugMon_Handler)
    i.Display_Add_Remove                     0x080014d4   Section        0  main.o(i.Display_Add_Remove)
    i.Display_CheckPass_Corret_Error         0x08001638   Section        0  main.o(i.Display_CheckPass_Corret_Error)
    i.Display_Check_Add_Remove               0x08001760   Section        0  main.o(i.Display_Check_Add_Remove)
    i.Display_Check_Creat_Change_Pass        0x080017f8   Section        0  main.o(i.Display_Check_Creat_Change_Pass)
    i.Display_Creat_Change_Pass              0x08001870   Section        0  main.o(i.Display_Creat_Change_Pass)
    i.Display_Creat_Change_Pass_OK_ERR       0x080019ac   Section        0  main.o(i.Display_Creat_Change_Pass_OK_ERR)
    i.Display_PassHome                       0x08001b08   Section        0  main.o(i.Display_PassHome)
    i.Display_Slave_Name                     0x08001c68   Section        0  main.o(i.Display_Slave_Name)
    i.Display_Total                          0x08001cf0   Section        0  main.o(i.Display_Total)
    i.Door_StepMotor                         0x08001f8c   Section        0  main.o(i.Door_StepMotor)
    i.FLASH_MassErase                        0x08002174   Section        0  stm32f1xx_hal_flash_ex.o(i.FLASH_MassErase)
    FLASH_MassErase                          0x08002175   Thumb Code    26  stm32f1xx_hal_flash_ex.o(i.FLASH_MassErase)
    i.FLASH_PageErase                        0x08002198   Section        0  stm32f1xx_hal_flash_ex.o(i.FLASH_PageErase)
    i.FLASH_Program_HalfWord                 0x080021bc   Section        0  stm32f1xx_hal_flash.o(i.FLASH_Program_HalfWord)
    FLASH_Program_HalfWord                   0x080021bd   Thumb Code    20  stm32f1xx_hal_flash.o(i.FLASH_Program_HalfWord)
    i.FLASH_SetErrorCode                     0x080021d8   Section        0  stm32f1xx_hal_flash.o(i.FLASH_SetErrorCode)
    FLASH_SetErrorCode                       0x080021d9   Thumb Code    84  stm32f1xx_hal_flash.o(i.FLASH_SetErrorCode)
    i.FLASH_WaitForLastOperation             0x08002234   Section        0  stm32f1xx_hal_flash.o(i.FLASH_WaitForLastOperation)
    i.Flash_Erase                            0x08002288   Section        0  flash.o(i.Flash_Erase)
    i.Flash_Read_Array                       0x080022ae   Section        0  flash.o(i.Flash_Read_Array)
    i.Flash_Write_Array                      0x080022c8   Section        0  flash.o(i.Flash_Write_Array)
    i.HAL_Delay                              0x08002300   Section        0  stm32f1xx_hal.o(i.HAL_Delay)
    i.HAL_FLASHEx_Erase                      0x08002324   Section        0  stm32f1xx_hal_flash_ex.o(i.HAL_FLASHEx_Erase)
    i.HAL_FLASH_Lock                         0x080023cc   Section        0  stm32f1xx_hal_flash.o(i.HAL_FLASH_Lock)
    i.HAL_FLASH_Program                      0x080023e0   Section        0  stm32f1xx_hal_flash.o(i.HAL_FLASH_Program)
    i.HAL_FLASH_Unlock                       0x08002460   Section        0  stm32f1xx_hal_flash.o(i.HAL_FLASH_Unlock)
    i.HAL_GPIO_Init                          0x08002488   Section        0  stm32f1xx_hal_gpio.o(i.HAL_GPIO_Init)
    i.HAL_GPIO_ReadPin                       0x08002668   Section        0  stm32f1xx_hal_gpio.o(i.HAL_GPIO_ReadPin)
    i.HAL_GPIO_WritePin                      0x08002672   Section        0  stm32f1xx_hal_gpio.o(i.HAL_GPIO_WritePin)
    i.HAL_GetTick                            0x0800267c   Section        0  stm32f1xx_hal.o(i.HAL_GetTick)
    i.HAL_IncTick                            0x08002688   Section        0  stm32f1xx_hal.o(i.HAL_IncTick)
    i.HAL_Init                               0x08002698   Section        0  stm32f1xx_hal.o(i.HAL_Init)
    i.HAL_InitTick                           0x080026bc   Section        0  stm32f1xx_hal.o(i.HAL_InitTick)
    i.HAL_MspInit                            0x080026fc   Section        0  stm32f1xx_hal_msp.o(i.HAL_MspInit)
    i.HAL_NVIC_SetPriority                   0x08002738   Section        0  stm32f1xx_hal_cortex.o(i.HAL_NVIC_SetPriority)
    i.HAL_NVIC_SetPriorityGrouping           0x08002778   Section        0  stm32f1xx_hal_cortex.o(i.HAL_NVIC_SetPriorityGrouping)
    i.HAL_RCC_ClockConfig                    0x0800279c   Section        0  stm32f1xx_hal_rcc.o(i.HAL_RCC_ClockConfig)
    i.HAL_RCC_GetSysClockFreq                0x080028c8   Section        0  stm32f1xx_hal_rcc.o(i.HAL_RCC_GetSysClockFreq)
    i.HAL_RCC_OscConfig                      0x08002914   Section        0  stm32f1xx_hal_rcc.o(i.HAL_RCC_OscConfig)
    i.HAL_SPI_Init                           0x08002c34   Section        0  stm32f1xx_hal_spi.o(i.HAL_SPI_Init)
    i.HAL_SPI_MspInit                        0x08002ce8   Section        0  stm32f1xx_hal_msp.o(i.HAL_SPI_MspInit)
    i.HAL_SPI_Receive                        0x08002d58   Section        0  stm32f1xx_hal_spi.o(i.HAL_SPI_Receive)
    i.HAL_SPI_Transmit                       0x08002eae   Section        0  stm32f1xx_hal_spi.o(i.HAL_SPI_Transmit)
    i.HAL_SPI_TransmitReceive                0x0800301c   Section        0  stm32f1xx_hal_spi.o(i.HAL_SPI_TransmitReceive)
    i.HAL_SYSTICK_Config                     0x0800320a   Section        0  stm32f1xx_hal_cortex.o(i.HAL_SYSTICK_Config)
    i.HAL_TIMEx_MasterConfigSynchronization  0x08003234   Section        0  stm32f1xx_hal_tim_ex.o(i.HAL_TIMEx_MasterConfigSynchronization)
    i.HAL_TIM_Base_Init                      0x0800329c   Section        0  stm32f1xx_hal_tim.o(i.HAL_TIM_Base_Init)
    i.HAL_TIM_Base_MspInit                   0x080032f8   Section        0  stm32f1xx_hal_msp.o(i.HAL_TIM_Base_MspInit)
    i.HAL_TIM_Base_Start                     0x08003320   Section        0  stm32f1xx_hal_tim.o(i.HAL_TIM_Base_Start)
    i.HAL_TIM_MspPostInit                    0x08003370   Section        0  stm32f1xx_hal_msp.o(i.HAL_TIM_MspPostInit)
    i.HAL_TIM_PWM_ConfigChannel              0x080033bc   Section        0  stm32f1xx_hal_tim.o(i.HAL_TIM_PWM_ConfigChannel)
    i.HAL_TIM_PWM_Init                       0x08003488   Section        0  stm32f1xx_hal_tim.o(i.HAL_TIM_PWM_Init)
    i.HAL_TIM_PWM_MspInit                    0x080034e2   Section        0  stm32f1xx_hal_tim.o(i.HAL_TIM_PWM_MspInit)
    i.HAL_TIM_PWM_Start                      0x080034e4   Section        0  stm32f1xx_hal_tim.o(i.HAL_TIM_PWM_Start)
    i.HAL_TIM_PWM_Stop                       0x08003580   Section        0  stm32f1xx_hal_tim.o(i.HAL_TIM_PWM_Stop)
    i.HAL_TIM_SlaveConfigSynchro             0x080035f0   Section        0  stm32f1xx_hal_tim.o(i.HAL_TIM_SlaveConfigSynchro)
    i.HardFault_Handler                      0x08003646   Section        0  stm32f1xx_it.o(i.HardFault_Handler)
    i.LCD20X4_Clear                          0x08003648   Section        0  lcd20x4.o(i.LCD20X4_Clear)
    i.LCD20X4_Enable                         0x0800365c   Section        0  lcd20x4.o(i.LCD20X4_Enable)
    i.LCD20X4_Gotoxy                         0x0800368c   Section        0  lcd20x4.o(i.LCD20X4_Gotoxy)
    i.LCD20X4_Init                           0x080036b8   Section        0  lcd20x4.o(i.LCD20X4_Init)
    i.LCD20X4_PutChar                        0x08003724   Section        0  lcd20x4.o(i.LCD20X4_PutChar)
    i.LCD20X4_PutString                      0x0800372c   Section        0  lcd20x4.o(i.LCD20X4_PutString)
    i.LCD20X4_Send4Bit                       0x08003744   Section        0  lcd20x4.o(i.LCD20X4_Send4Bit)
    i.LCD20X4_SendCommand                    0x0800378c   Section        0  lcd20x4.o(i.LCD20X4_SendCommand)
    i.LCD20X4_SendInteger                    0x080037c0   Section        0  lcd20x4.o(i.LCD20X4_SendInteger)
    i.MFRC522_Anticoll                       0x08003822   Section        0  rfid_rcc522.o(i.MFRC522_Anticoll)
    i.MFRC522_Check                          0x08003864   Section        0  rfid_rcc522.o(i.MFRC522_Check)
    i.MFRC522_Halt                           0x08003884   Section        0  rfid_rcc522.o(i.MFRC522_Halt)
    i.MFRC522_Init                           0x080038b0   Section        0  rfid_rcc522.o(i.MFRC522_Init)
    i.MFRC522_Request                        0x080038fc   Section        0  rfid_rcc522.o(i.MFRC522_Request)
    i.MFRC522_Reset                          0x0800392a   Section        0  rfid_rcc522.o(i.MFRC522_Reset)
    i.MFRC522_ToCard                         0x08003932   Section        0  rfid_rcc522.o(i.MFRC522_ToCard)
    i.MX_GPIO_Init                           0x08003a48   Section        0  main.o(i.MX_GPIO_Init)
    MX_GPIO_Init                             0x08003a49   Thumb Code   288  main.o(i.MX_GPIO_Init)
    i.MX_SPI1_Init                           0x08003b78   Section        0  main.o(i.MX_SPI1_Init)
    MX_SPI1_Init                             0x08003b79   Thumb Code    58  main.o(i.MX_SPI1_Init)
    i.MX_TIM4_Init                           0x08003bbc   Section        0  main.o(i.MX_TIM4_Init)
    MX_TIM4_Init                             0x08003bbd   Thumb Code   146  main.o(i.MX_TIM4_Init)
    i.MemManage_Handler                      0x08003c58   Section        0  stm32f1xx_it.o(i.MemManage_Handler)
    i.NMI_Handler                            0x08003c5a   Section        0  stm32f1xx_it.o(i.NMI_Handler)
    i.NRF24_ACTIVATE_cmd                     0x08003c5c   Section        0  my_nrf24.o(i.NRF24_ACTIVATE_cmd)
    i.NRF24_Available                        0x08003c88   Section        0  my_nrf24.o(i.NRF24_Available)
    i.NRF24_AvailablePipe                    0x08003c8e   Section        0  my_nrf24.o(i.NRF24_AvailablePipe)
    i.NRF24_Begin                            0x08003cc0   Section        0  my_nrf24.o(i.NRF24_Begin)
    i.NRF24_DisableDynamicPayloads           0x08003e4c   Section        0  my_nrf24.o(i.NRF24_DisableDynamicPayloads)
    i.NRF24_EnableDynamicPayloads            0x08003e74   Section        0  my_nrf24.o(i.NRF24_EnableDynamicPayloads)
    i.NRF24_GetDynamicPayloadSize            0x08003ec0   Section        0  my_nrf24.o(i.NRF24_GetDynamicPayloadSize)
    i.NRF24_OpenReadingPipe                  0x08003ec8   Section        0  my_nrf24.o(i.NRF24_OpenReadingPipe)
    i.NRF24_OpenWritingPipe                  0x08003f20   Section        0  my_nrf24.o(i.NRF24_OpenWritingPipe)
    i.NRF24_PowerDown                        0x08003f4c   Section        0  my_nrf24.o(i.NRF24_PowerDown)
    i.NRF24_Read                             0x08003f62   Section        0  my_nrf24.o(i.NRF24_Read)
    i.NRF24_ResetStatus                      0x08003f86   Section        0  my_nrf24.o(i.NRF24_ResetStatus)
    i.NRF24_SetAutoAck                       0x08003f8e   Section        0  my_nrf24.o(i.NRF24_SetAutoAck)
    i.NRF24_SetCRCLength                     0x08003f9c   Section        0  my_nrf24.o(i.NRF24_SetCRCLength)
    i.NRF24_SetChannel                       0x08003fc4   Section        0  my_nrf24.o(i.NRF24_SetChannel)
    i.NRF24_SetDataRate                      0x08003fd4   Section        0  my_nrf24.o(i.NRF24_SetDataRate)
    i.NRF24_SetPALevel                       0x08004030   Section        0  my_nrf24.o(i.NRF24_SetPALevel)
    i.NRF24_SetPayloadSize                   0x0800406c   Section        0  my_nrf24.o(i.NRF24_SetPayloadSize)
    i.NRF24_SetRetries                       0x0800407c   Section        0  my_nrf24.o(i.NRF24_SetRetries)
    i.NRF24_StartListening                   0x0800408c   Section        0  my_nrf24.o(i.NRF24_StartListening)
    i.NRF24_StartWrite                       0x080040d0   Section        0  my_nrf24.o(i.NRF24_StartWrite)
    i.NRF24_StopListening                    0x0800411a   Section        0  my_nrf24.o(i.NRF24_StopListening)
    i.NRF24_WhatHappened                     0x0800412e   Section        0  my_nrf24.o(i.NRF24_WhatHappened)
    i.NRF24_Write                            0x08004160   Section        0  my_nrf24.o(i.NRF24_Write)
    i.NRF24_ce                               0x080041c4   Section        0  my_nrf24.o(i.NRF24_ce)
    i.NRF24_csn                              0x080041d8   Section        0  my_nrf24.o(i.NRF24_csn)
    i.NRF24_flush_rx                         0x080041ec   Section        0  my_nrf24.o(i.NRF24_flush_rx)
    i.NRF24_flush_tx                         0x080041f4   Section        0  my_nrf24.o(i.NRF24_flush_tx)
    i.NRF24_get_status                       0x080041fc   Section        0  my_nrf24.o(i.NRF24_get_status)
    i.NRF24_read_payload                     0x08004204   Section        0  my_nrf24.o(i.NRF24_read_payload)
    i.NRF24_read_register                    0x08004248   Section        0  my_nrf24.o(i.NRF24_read_register)
    i.NRF24_read_registerN                   0x08004288   Section        0  my_nrf24.o(i.NRF24_read_registerN)
    i.NRF24_write_payload                    0x080042c4   Section        0  my_nrf24.o(i.NRF24_write_payload)
    i.NRF24_write_register                   0x080042fc   Section        0  my_nrf24.o(i.NRF24_write_register)
    i.NRF24_write_registerN                  0x0800432c   Section        0  my_nrf24.o(i.NRF24_write_registerN)
    i.PendSV_Handler                         0x08004368   Section        0  stm32f1xx_it.o(i.PendSV_Handler)
    i.RC522_SPI_Transfer                     0x0800436c   Section        0  rfid_rcc522.o(i.RC522_SPI_Transfer)
    i.Read_FLashFrom                         0x0800438c   Section        0  main.o(i.Read_FLashFrom)
    i.Read_MFRC522                           0x0800448c   Section        0  rfid_rcc522.o(i.Read_MFRC522)
    i.SPI_EndRxTransaction                   0x080044c4   Section        0  stm32f1xx_hal_spi.o(i.SPI_EndRxTransaction)
    SPI_EndRxTransaction                     0x080044c5   Thumb Code    92  stm32f1xx_hal_spi.o(i.SPI_EndRxTransaction)
    i.SPI_EndRxTxTransaction                 0x08004520   Section        0  stm32f1xx_hal_spi.o(i.SPI_EndRxTxTransaction)
    SPI_EndRxTxTransaction                   0x08004521   Thumb Code    32  stm32f1xx_hal_spi.o(i.SPI_EndRxTxTransaction)
    i.SPI_WaitFlagStateUntilTimeout          0x08004540   Section        0  stm32f1xx_hal_spi.o(i.SPI_WaitFlagStateUntilTimeout)
    SPI_WaitFlagStateUntilTimeout            0x08004541   Thumb Code   180  stm32f1xx_hal_spi.o(i.SPI_WaitFlagStateUntilTimeout)
    i.SVC_Handler                            0x080045f8   Section        0  stm32f1xx_it.o(i.SVC_Handler)
    i.SetBitMask                             0x080045fa   Section        0  rfid_rcc522.o(i.SetBitMask)
    i.Slave_Name_Add                         0x08004614   Section        0  main.o(i.Slave_Name_Add)
    i.SysTick_Handler                        0x0800477c   Section        0  stm32f1xx_it.o(i.SysTick_Handler)
    i.SystemClock_Config                     0x08004780   Section        0  main.o(i.SystemClock_Config)
    i.SystemInit                             0x080047de   Section        0  system_stm32f1xx.o(i.SystemInit)
    i.TIM_Base_SetConfig                     0x080047e0   Section        0  stm32f1xx_hal_tim.o(i.TIM_Base_SetConfig)
    i.TIM_CCxChannelCmd                      0x0800484c   Section        0  stm32f1xx_hal_tim.o(i.TIM_CCxChannelCmd)
    i.TIM_ETR_SetConfig                      0x08004866   Section        0  stm32f1xx_hal_tim.o(i.TIM_ETR_SetConfig)
    i.TIM_OC1_SetConfig                      0x0800487c   Section        0  stm32f1xx_hal_tim.o(i.TIM_OC1_SetConfig)
    TIM_OC1_SetConfig                        0x0800487d   Thumb Code    74  stm32f1xx_hal_tim.o(i.TIM_OC1_SetConfig)
    i.TIM_OC2_SetConfig                      0x080048cc   Section        0  stm32f1xx_hal_tim.o(i.TIM_OC2_SetConfig)
    i.TIM_OC3_SetConfig                      0x08004924   Section        0  stm32f1xx_hal_tim.o(i.TIM_OC3_SetConfig)
    TIM_OC3_SetConfig                        0x08004925   Thumb Code    82  stm32f1xx_hal_tim.o(i.TIM_OC3_SetConfig)
    i.TIM_OC4_SetConfig                      0x0800497c   Section        0  stm32f1xx_hal_tim.o(i.TIM_OC4_SetConfig)
    TIM_OC4_SetConfig                        0x0800497d   Thumb Code    64  stm32f1xx_hal_tim.o(i.TIM_OC4_SetConfig)
    i.TIM_SlaveTimer_SetConfig               0x080049c0   Section        0  stm32f1xx_hal_tim.o(i.TIM_SlaveTimer_SetConfig)
    TIM_SlaveTimer_SetConfig                 0x080049c1   Thumb Code   140  stm32f1xx_hal_tim.o(i.TIM_SlaveTimer_SetConfig)
    i.TIM_TI1_ConfigInputStage               0x08004a4c   Section        0  stm32f1xx_hal_tim.o(i.TIM_TI1_ConfigInputStage)
    TIM_TI1_ConfigInputStage                 0x08004a4d   Thumb Code    34  stm32f1xx_hal_tim.o(i.TIM_TI1_ConfigInputStage)
    i.TIM_TI2_ConfigInputStage               0x08004a6e   Section        0  stm32f1xx_hal_tim.o(i.TIM_TI2_ConfigInputStage)
    TIM_TI2_ConfigInputStage                 0x08004a6f   Thumb Code    36  stm32f1xx_hal_tim.o(i.TIM_TI2_ConfigInputStage)
    i.UsageFault_Handler                     0x08004a92   Section        0  stm32f1xx_it.o(i.UsageFault_Handler)
    i.Write_MFRC522                          0x08004a94   Section        0  rfid_rcc522.o(i.Write_MFRC522)
    i.__NVIC_SetPriority                     0x08004ac8   Section        0  stm32f1xx_hal_cortex.o(i.__NVIC_SetPriority)
    __NVIC_SetPriority                       0x08004ac9   Thumb Code    32  stm32f1xx_hal_cortex.o(i.__NVIC_SetPriority)
    i.keyPad                                 0x08004ae8   Section        0  main.o(i.keyPad)
    i.main                                   0x08004bf0   Section        0  main.o(i.main)
    .constdata                               0x08004e58   Section       16  main.o(.constdata)
    .constdata                               0x08004e68   Section       18  stm32f1xx_hal_rcc.o(.constdata)
    aPredivFactorTable                       0x08004e68   Data           2  stm32f1xx_hal_rcc.o(.constdata)
    aPLLMULFactorTable                       0x08004e6a   Data          16  stm32f1xx_hal_rcc.o(.constdata)
    .constdata                               0x08004e7a   Section       16  system_stm32f1xx.o(.constdata)
    .constdata                               0x08004e8a   Section       13  my_nrf24.o(.constdata)
    RF24_RX_PW_PIPE                          0x08004e8a   Data           6  my_nrf24.o(.constdata)
    NRF24_ADDR_REGS                          0x08004e90   Data           7  my_nrf24.o(.constdata)
    .data                                    0x20000000   Section      104  main.o(.data)
    PageActive                               0x20000000   Data           1  main.o(.data)
    CardID_Status                            0x20000001   Data           1  main.o(.data)
    Master_Status                            0x20000002   Data           1  main.o(.data)
    Retransmit                               0x20000008   Data           1  main.o(.data)
    Old_RFID_static                          0x20000009   Data           1  main.o(.data)
    ucount                                   0x2000000a   Data           1  main.o(.data)
    Old_RFID_static                          0x2000000b   Data           1  main.o(.data)
    CheckPassNew                             0x2000000c   Data           1  main.o(.data)
    Old_Enter_key                            0x2000000d   Data           1  main.o(.data)
    Old_XacNhan_key                          0x2000000e   Data           1  main.o(.data)
    Old_XacNhan_Pass                         0x2000000f   Data           1  main.o(.data)
    ucount                                   0x20000010   Data           1  main.o(.data)
    Old_Enter_key                            0x20000011   Data           1  main.o(.data)
    ucountAdd                                0x20000012   Data           1  main.o(.data)
    Gate                                     0x20000026   Data           3  main.o(.data)
    Master_CardID                            0x20000038   Data           5  main.o(.data)
    .data                                    0x20000068   Section       12  stm32f1xx_hal.o(.data)
    .data                                    0x20000074   Section        4  system_stm32f1xx.o(.data)
    .data                                    0x20000078   Section       24  my_nrf24.o(.data)
    ack_payload_available                    0x20000078   Data           1  my_nrf24.o(.data)
    ack_payload_length                       0x20000079   Data           1  my_nrf24.o(.data)
    payload_size                             0x2000007a   Data           1  my_nrf24.o(.data)
    dynamic_payloads_enabled                 0x2000007b   Data           1  my_nrf24.o(.data)
    p_variant                                0x2000007c   Data           1  my_nrf24.o(.data)
    wide_band                                0x2000007d   Data           1  my_nrf24.o(.data)
    nrf24_CSN_PIN                            0x2000007e   Data           2  my_nrf24.o(.data)
    nrf24_CE_PIN                             0x20000080   Data           2  my_nrf24.o(.data)
    nrf24_PORT                               0x20000084   Data           4  my_nrf24.o(.data)
    pipe0_reading_address                    0x20000088   Data           8  my_nrf24.o(.data)
    .bss                                     0x20000090   Section      352  main.o(.bss)
    .bss                                     0x200001f0   Section       32  stm32f1xx_hal_flash.o(.bss)
    .bss                                     0x20000210   Section       88  my_nrf24.o(.bss)
    nrf24_hspi                               0x20000210   Data          88  my_nrf24.o(.bss)
    .bss                                     0x20000268   Section       96  libspace.o(.bss)
    HEAP                                     0x200002c8   Section      512  startup_stm32f103xb.o(HEAP)
    Heap_Mem                                 0x200002c8   Data         512  startup_stm32f103xb.o(HEAP)
    STACK                                    0x200004c8   Section     1024  startup_stm32f103xb.o(STACK)
    Stack_Mem                                0x200004c8   Data        1024  startup_stm32f103xb.o(STACK)
    __initial_sp                             0x200008c8   Data           0  startup_stm32f103xb.o(STACK)

    Global Symbols

    Symbol Name                              Value     Ov Type        Size  Object(Section)

    BuildAttributes$$THM_ISAv4$P$D$K$B$S$PE$A:L22UL41UL21$X:L11$S22US41US21$IEEE1$IW$USESV6$~STKCKD$USESV7$~SHL$OSPACE$ROPI$EBA8$UX$STANDARDLIB$REQ8$PRES8$EABIv2 0x00000000   Number         0  anon$$obj.o ABSOLUTE
    __ARM_use_no_argv                        0x00000000   Number         0  main.o ABSOLUTE
    __ARM_exceptions_init                     - Undefined Weak Reference
    __alloca_initialize                       - Undefined Weak Reference
    __arm_preinit_                            - Undefined Weak Reference
    __cpp_initialize__aeabi_                  - Undefined Weak Reference
    __cxa_finalize                            - Undefined Weak Reference
    __rt_locale                               - Undefined Weak Reference
    __sigvec_lookup                           - Undefined Weak Reference
    _atexit_init                              - Undefined Weak Reference
    _call_atexit_fns                          - Undefined Weak Reference
    _clock_init                               - Undefined Weak Reference
    _fp_trap_init                             - Undefined Weak Reference
    _fp_trap_shutdown                         - Undefined Weak Reference
    _get_lc_collate                           - Undefined Weak Reference
    _get_lc_ctype                             - Undefined Weak Reference
    _get_lc_monetary                          - Undefined Weak Reference
    _get_lc_numeric                           - Undefined Weak Reference
    _get_lc_time                              - Undefined Weak Reference
    _getenv_init                              - Undefined Weak Reference
    _handle_redirection                       - Undefined Weak Reference
    _init_alloc                               - Undefined Weak Reference
    _init_user_alloc                          - Undefined Weak Reference
    _initio                                   - Undefined Weak Reference
    _rand_init                                - Undefined Weak Reference
    _signal_finish                            - Undefined Weak Reference
    _signal_init                              - Undefined Weak Reference
    _terminate_alloc                          - Undefined Weak Reference
    _terminate_user_alloc                     - Undefined Weak Reference
    _terminateio                              - Undefined Weak Reference
    __Vectors_Size                           0x000000ec   Number         0  startup_stm32f103xb.o ABSOLUTE
    __Vectors                                0x08000000   Data           4  startup_stm32f103xb.o(RESET)
    __Vectors_End                            0x080000ec   Data           0  startup_stm32f103xb.o(RESET)
    __main                                   0x080000ed   Thumb Code     8  __main.o(!!!main)
    __scatterload                            0x080000f5   Thumb Code     0  __scatter.o(!!!scatter)
    __scatterload_rt2                        0x080000f5   Thumb Code    44  __scatter.o(!!!scatter)
    __scatterload_rt2_thumb_only             0x080000f5   Thumb Code     0  __scatter.o(!!!scatter)
    __scatterload_null                       0x08000103   Thumb Code     0  __scatter.o(!!!scatter)
    __scatterload_copy                       0x08000129   Thumb Code    26  __scatter_copy.o(!!handler_copy)
    __scatterload_zeroinit                   0x08000145   Thumb Code    28  __scatter_zi.o(!!handler_zi)
    __rt_lib_init                            0x08000161   Thumb Code     0  libinit.o(.ARM.Collect$$libinit$$00000000)
    __rt_lib_init_alloca_1                   0x08000163   Thumb Code     0  libinit2.o(.ARM.Collect$$libinit$$0000002E)
    __rt_lib_init_argv_1                     0x08000163   Thumb Code     0  libinit2.o(.ARM.Collect$$libinit$$0000002C)
    __rt_lib_init_atexit_1                   0x08000163   Thumb Code     0  libinit2.o(.ARM.Collect$$libinit$$0000001B)
    __rt_lib_init_clock_1                    0x08000163   Thumb Code     0  libinit2.o(.ARM.Collect$$libinit$$00000021)
    __rt_lib_init_cpp_1                      0x08000163   Thumb Code     0  libinit2.o(.ARM.Collect$$libinit$$00000032)
    __rt_lib_init_exceptions_1               0x08000163   Thumb Code     0  libinit2.o(.ARM.Collect$$libinit$$00000030)
    __rt_lib_init_fp_1                       0x08000163   Thumb Code     0  libinit2.o(.ARM.Collect$$libinit$$00000002)
    __rt_lib_init_fp_trap_1                  0x08000163   Thumb Code     0  libinit2.o(.ARM.Collect$$libinit$$0000001F)
    __rt_lib_init_getenv_1                   0x08000163   Thumb Code     0  libinit2.o(.ARM.Collect$$libinit$$00000023)
    __rt_lib_init_heap_1                     0x08000163   Thumb Code     0  libinit2.o(.ARM.Collect$$libinit$$0000000A)
    __rt_lib_init_lc_collate_1               0x08000163   Thumb Code     0  libinit2.o(.ARM.Collect$$libinit$$00000011)
    __rt_lib_init_lc_ctype_1                 0x08000163   Thumb Code     0  libinit2.o(.ARM.Collect$$libinit$$00000013)
    __rt_lib_init_lc_monetary_1              0x08000163   Thumb Code     0  libinit2.o(.ARM.Collect$$libinit$$00000015)
    __rt_lib_init_lc_numeric_1               0x08000163   Thumb Code     0  libinit2.o(.ARM.Collect$$libinit$$00000017)
    __rt_lib_init_lc_time_1                  0x08000163   Thumb Code     0  libinit2.o(.ARM.Collect$$libinit$$00000019)
    __rt_lib_init_preinit_1                  0x08000163   Thumb Code     0  libinit2.o(.ARM.Collect$$libinit$$00000004)
    __rt_lib_init_rand_1                     0x08000163   Thumb Code     0  libinit2.o(.ARM.Collect$$libinit$$0000000E)
    __rt_lib_init_return                     0x08000163   Thumb Code     0  libinit2.o(.ARM.Collect$$libinit$$00000033)
    __rt_lib_init_signal_1                   0x08000163   Thumb Code     0  libinit2.o(.ARM.Collect$$libinit$$0000001D)
    __rt_lib_init_stdio_1                    0x08000163   Thumb Code     0  libinit2.o(.ARM.Collect$$libinit$$00000025)
    __rt_lib_init_user_alloc_1               0x08000163   Thumb Code     0  libinit2.o(.ARM.Collect$$libinit$$0000000C)
    __rt_lib_shutdown                        0x08000165   Thumb Code     0  libshutdown.o(.ARM.Collect$$libshutdown$$00000000)
    __rt_lib_shutdown_cpp_1                  0x08000167   Thumb Code     0  libshutdown2.o(.ARM.Collect$$libshutdown$$00000002)
    __rt_lib_shutdown_fp_trap_1              0x08000167   Thumb Code     0  libshutdown2.o(.ARM.Collect$$libshutdown$$00000007)
    __rt_lib_shutdown_heap_1                 0x08000167   Thumb Code     0  libshutdown2.o(.ARM.Collect$$libshutdown$$0000000F)
    __rt_lib_shutdown_return                 0x08000167   Thumb Code     0  libshutdown2.o(.ARM.Collect$$libshutdown$$00000010)
    __rt_lib_shutdown_signal_1               0x08000167   Thumb Code     0  libshutdown2.o(.ARM.Collect$$libshutdown$$0000000A)
    __rt_lib_shutdown_stdio_1                0x08000167   Thumb Code     0  libshutdown2.o(.ARM.Collect$$libshutdown$$00000004)
    __rt_lib_shutdown_user_alloc_1           0x08000167   Thumb Code     0  libshutdown2.o(.ARM.Collect$$libshutdown$$0000000C)
    __rt_entry                               0x08000169   Thumb Code     0  __rtentry.o(.ARM.Collect$$rtentry$$00000000)
    __rt_entry_presh_1                       0x08000169   Thumb Code     0  __rtentry2.o(.ARM.Collect$$rtentry$$00000002)
    __rt_entry_sh                            0x08000169   Thumb Code     0  __rtentry4.o(.ARM.Collect$$rtentry$$00000004)
    __rt_entry_li                            0x0800016f   Thumb Code     0  __rtentry2.o(.ARM.Collect$$rtentry$$0000000A)
    __rt_entry_postsh_1                      0x0800016f   Thumb Code     0  __rtentry2.o(.ARM.Collect$$rtentry$$00000009)
    __rt_entry_main                          0x08000173   Thumb Code     0  __rtentry2.o(.ARM.Collect$$rtentry$$0000000D)
    __rt_entry_postli_1                      0x08000173   Thumb Code     0  __rtentry2.o(.ARM.Collect$$rtentry$$0000000C)
    __rt_exit                                0x0800017b   Thumb Code     0  rtexit.o(.ARM.Collect$$rtexit$$00000000)
    __rt_exit_ls                             0x0800017d   Thumb Code     0  rtexit2.o(.ARM.Collect$$rtexit$$00000003)
    __rt_exit_prels_1                        0x0800017d   Thumb Code     0  rtexit2.o(.ARM.Collect$$rtexit$$00000002)
    __rt_exit_exit                           0x08000181   Thumb Code     0  rtexit2.o(.ARM.Collect$$rtexit$$00000004)
    Reset_Handler                            0x08000189   Thumb Code     8  startup_stm32f103xb.o(.text)
    ADC1_2_IRQHandler                        0x080001a3   Thumb Code     0  startup_stm32f103xb.o(.text)
    CAN1_RX1_IRQHandler                      0x080001a3   Thumb Code     0  startup_stm32f103xb.o(.text)
    CAN1_SCE_IRQHandler                      0x080001a3   Thumb Code     0  startup_stm32f103xb.o(.text)
    DMA1_Channel1_IRQHandler                 0x080001a3   Thumb Code     0  startup_stm32f103xb.o(.text)
    DMA1_Channel2_IRQHandler                 0x080001a3   Thumb Code     0  startup_stm32f103xb.o(.text)
    DMA1_Channel3_IRQHandler                 0x080001a3   Thumb Code     0  startup_stm32f103xb.o(.text)
    DMA1_Channel4_IRQHandler                 0x080001a3   Thumb Code     0  startup_stm32f103xb.o(.text)
    DMA1_Channel5_IRQHandler                 0x080001a3   Thumb Code     0  startup_stm32f103xb.o(.text)
    DMA1_Channel6_IRQHandler                 0x080001a3   Thumb Code     0  startup_stm32f103xb.o(.text)
    DMA1_Channel7_IRQHandler                 0x080001a3   Thumb Code     0  startup_stm32f103xb.o(.text)
    EXTI0_IRQHandler                         0x080001a3   Thumb Code     0  startup_stm32f103xb.o(.text)
    EXTI15_10_IRQHandler                     0x080001a3   Thumb Code     0  startup_stm32f103xb.o(.text)
    EXTI1_IRQHandler                         0x080001a3   Thumb Code     0  startup_stm32f103xb.o(.text)
    EXTI2_IRQHandler                         0x080001a3   Thumb Code     0  startup_stm32f103xb.o(.text)
    EXTI3_IRQHandler                         0x080001a3   Thumb Code     0  startup_stm32f103xb.o(.text)
    EXTI4_IRQHandler                         0x080001a3   Thumb Code     0  startup_stm32f103xb.o(.text)
    EXTI9_5_IRQHandler                       0x080001a3   Thumb Code     0  startup_stm32f103xb.o(.text)
    FLASH_IRQHandler                         0x080001a3   Thumb Code     0  startup_stm32f103xb.o(.text)
    I2C1_ER_IRQHandler                       0x080001a3   Thumb Code     0  startup_stm32f103xb.o(.text)
    I2C1_EV_IRQHandler                       0x080001a3   Thumb Code     0  startup_stm32f103xb.o(.text)
    I2C2_ER_IRQHandler                       0x080001a3   Thumb Code     0  startup_stm32f103xb.o(.text)
    I2C2_EV_IRQHandler                       0x080001a3   Thumb Code     0  startup_stm32f103xb.o(.text)
    PVD_IRQHandler                           0x080001a3   Thumb Code     0  startup_stm32f103xb.o(.text)
    RCC_IRQHandler                           0x080001a3   Thumb Code     0  startup_stm32f103xb.o(.text)
    RTC_Alarm_IRQHandler                     0x080001a3   Thumb Code     0  startup_stm32f103xb.o(.text)
    RTC_IRQHandler                           0x080001a3   Thumb Code     0  startup_stm32f103xb.o(.text)
    SPI1_IRQHandler                          0x080001a3   Thumb Code     0  startup_stm32f103xb.o(.text)
    SPI2_IRQHandler                          0x080001a3   Thumb Code     0  startup_stm32f103xb.o(.text)
    TAMPER_IRQHandler                        0x080001a3   Thumb Code     0  startup_stm32f103xb.o(.text)
    TIM1_BRK_IRQHandler                      0x080001a3   Thumb Code     0  startup_stm32f103xb.o(.text)
    TIM1_CC_IRQHandler                       0x080001a3   Thumb Code     0  startup_stm32f103xb.o(.text)
    TIM1_TRG_COM_IRQHandler                  0x080001a3   Thumb Code     0  startup_stm32f103xb.o(.text)
    TIM1_UP_IRQHandler                       0x080001a3   Thumb Code     0  startup_stm32f103xb.o(.text)
    TIM2_IRQHandler                          0x080001a3   Thumb Code     0  startup_stm32f103xb.o(.text)
    TIM3_IRQHandler                          0x080001a3   Thumb Code     0  startup_stm32f103xb.o(.text)
    TIM4_IRQHandler                          0x080001a3   Thumb Code     0  startup_stm32f103xb.o(.text)
    USART1_IRQHandler                        0x080001a3   Thumb Code     0  startup_stm32f103xb.o(.text)
    USART2_IRQHandler                        0x080001a3   Thumb Code     0  startup_stm32f103xb.o(.text)
    USART3_IRQHandler                        0x080001a3   Thumb Code     0  startup_stm32f103xb.o(.text)
    USBWakeUp_IRQHandler                     0x080001a3   Thumb Code     0  startup_stm32f103xb.o(.text)
    USB_HP_CAN1_TX_IRQHandler                0x080001a3   Thumb Code     0  startup_stm32f103xb.o(.text)
    USB_LP_CAN1_RX0_IRQHandler               0x080001a3   Thumb Code     0  startup_stm32f103xb.o(.text)
    WWDG_IRQHandler                          0x080001a3   Thumb Code     0  startup_stm32f103xb.o(.text)
    __user_initial_stackheap                 0x080001a5   Thumb Code     0  startup_stm32f103xb.o(.text)
    __aeabi_llsr                             0x080001c9   Thumb Code     0  llushr.o(.text)
    _ll_ushift_r                             0x080001c9   Thumb Code    38  llushr.o(.text)
    __aeabi_memcpy4                          0x080001ef   Thumb Code     0  rt_memcpy_w.o(.text)
    __aeabi_memcpy8                          0x080001ef   Thumb Code     0  rt_memcpy_w.o(.text)
    __rt_memcpy_w                            0x080001ef   Thumb Code   100  rt_memcpy_w.o(.text)
    _memcpy_lastbytes_aligned                0x08000237   Thumb Code     0  rt_memcpy_w.o(.text)
    __aeabi_memset                           0x08000253   Thumb Code    16  aeabi_memset.o(.text)
    __aeabi_memclr4                          0x08000263   Thumb Code     0  rt_memclr_w.o(.text)
    __aeabi_memclr8                          0x08000263   Thumb Code     0  rt_memclr_w.o(.text)
    __rt_memclr_w                            0x08000263   Thumb Code    78  rt_memclr_w.o(.text)
    _memset_w                                0x08000267   Thumb Code     0  rt_memclr_w.o(.text)
    strcmp                                   0x080002b1   Thumb Code   128  strcmpv7m.o(.text)
    __use_two_region_memory                  0x08000331   Thumb Code     2  heapauxi.o(.text)
    __rt_heap_escrow$2region                 0x08000333   Thumb Code     2  heapauxi.o(.text)
    __rt_heap_expand$2region                 0x08000335   Thumb Code     2  heapauxi.o(.text)
    __aeabi_memclr                           0x08000337   Thumb Code     0  rt_memclr.o(.text)
    __rt_memclr                              0x08000337   Thumb Code    68  rt_memclr.o(.text)
    _memset                                  0x0800033b   Thumb Code     0  rt_memclr.o(.text)
    __user_setup_stackheap                   0x0800037b   Thumb Code    74  sys_stackheap_outer.o(.text)
    exit                                     0x080003c5   Thumb Code    18  exit.o(.text)
    __user_libspace                          0x080003d9   Thumb Code     8  libspace.o(.text)
    __user_perproc_libspace                  0x080003d9   Thumb Code     0  libspace.o(.text)
    __user_perthread_libspace                0x080003d9   Thumb Code     0  libspace.o(.text)
    _sys_exit                                0x080003e1   Thumb Code     8  sys_exit.o(.text)
    __I$use$semihosting                      0x080003ed   Thumb Code     0  use_no_semi.o(.text)
    __use_no_semihosting_swi                 0x080003ed   Thumb Code     2  use_no_semi.o(.text)
    __semihosting_library_function           0x080003ef   Thumb Code     0  indicate_semi.o(.text)
    Add_RemoveCard                           0x080003f1   Thumb Code   802  main.o(i.Add_RemoveCard)
    AntennaOn                                0x08000731   Thumb Code    20  rfid_rcc522.o(i.AntennaOn)
    BusFault_Handler                         0x08000745   Thumb Code     2  stm32f1xx_it.o(i.BusFault_Handler)
    CalulateCRC                              0x08000747   Thumb Code    94  rfid_rcc522.o(i.CalulateCRC)
    Check_Add_Remove                         0x080007a5   Thumb Code    80  main.o(i.Check_Add_Remove)
    Check_CardID                             0x080007f9   Thumb Code   292  main.o(i.Check_CardID)
    Check_Creat_Change_PassID                0x08000925   Thumb Code    94  main.o(i.Check_Creat_Change_PassID)
    Check_PassID                             0x08000989   Thumb Code   644  main.o(i.Check_PassID)
    ClearBitMask                             0x08000c11   Thumb Code    24  rfid_rcc522.o(i.ClearBitMask)
    Creat_Change_PassID                      0x08000c29   Thumb Code  2208  main.o(i.Creat_Change_PassID)
    DebugMon_Handler                         0x080014d1   Thumb Code     2  stm32f1xx_it.o(i.DebugMon_Handler)
    Display_Add_Remove                       0x080014d5   Thumb Code   196  main.o(i.Display_Add_Remove)
    Display_CheckPass_Corret_Error           0x08001639   Thumb Code   164  main.o(i.Display_CheckPass_Corret_Error)
    Display_Check_Add_Remove                 0x08001761   Thumb Code    72  main.o(i.Display_Check_Add_Remove)
    Display_Check_Creat_Change_Pass          0x080017f9   Thumb Code    58  main.o(i.Display_Check_Creat_Change_Pass)
    Display_Creat_Change_Pass                0x08001871   Thumb Code   206  main.o(i.Display_Creat_Change_Pass)
    Display_Creat_Change_Pass_OK_ERR         0x080019ad   Thumb Code   218  main.o(i.Display_Creat_Change_Pass_OK_ERR)
    Display_PassHome                         0x08001b09   Thumb Code   270  main.o(i.Display_PassHome)
    Display_Slave_Name                       0x08001c69   Thumb Code    74  main.o(i.Display_Slave_Name)
    Display_Total                            0x08001cf1   Thumb Code   334  main.o(i.Display_Total)
    Door_StepMotor                           0x08001f8d   Thumb Code   470  main.o(i.Door_StepMotor)
    FLASH_PageErase                          0x08002199   Thumb Code    28  stm32f1xx_hal_flash_ex.o(i.FLASH_PageErase)
    FLASH_WaitForLastOperation               0x08002235   Thumb Code    80  stm32f1xx_hal_flash.o(i.FLASH_WaitForLastOperation)
    Flash_Erase                              0x08002289   Thumb Code    38  flash.o(i.Flash_Erase)
    Flash_Read_Array                         0x080022af   Thumb Code    26  flash.o(i.Flash_Read_Array)
    Flash_Write_Array                        0x080022c9   Thumb Code    54  flash.o(i.Flash_Write_Array)
    HAL_Delay                                0x08002301   Thumb Code    32  stm32f1xx_hal.o(i.HAL_Delay)
    HAL_FLASHEx_Erase                        0x08002325   Thumb Code   160  stm32f1xx_hal_flash_ex.o(i.HAL_FLASHEx_Erase)
    HAL_FLASH_Lock                           0x080023cd   Thumb Code    14  stm32f1xx_hal_flash.o(i.HAL_FLASH_Lock)
    HAL_FLASH_Program                        0x080023e1   Thumb Code   120  stm32f1xx_hal_flash.o(i.HAL_FLASH_Program)
    HAL_FLASH_Unlock                         0x08002461   Thumb Code    28  stm32f1xx_hal_flash.o(i.HAL_FLASH_Unlock)
    HAL_GPIO_Init                            0x08002489   Thumb Code   446  stm32f1xx_hal_gpio.o(i.HAL_GPIO_Init)
    HAL_GPIO_ReadPin                         0x08002669   Thumb Code    10  stm32f1xx_hal_gpio.o(i.HAL_GPIO_ReadPin)
    HAL_GPIO_WritePin                        0x08002673   Thumb Code    10  stm32f1xx_hal_gpio.o(i.HAL_GPIO_WritePin)
    HAL_GetTick                              0x0800267d   Thumb Code     6  stm32f1xx_hal.o(i.HAL_GetTick)
    HAL_IncTick                              0x08002689   Thumb Code    12  stm32f1xx_hal.o(i.HAL_IncTick)
    HAL_Init                                 0x08002699   Thumb Code    32  stm32f1xx_hal.o(i.HAL_Init)
    HAL_InitTick                             0x080026bd   Thumb Code    54  stm32f1xx_hal.o(i.HAL_InitTick)
    HAL_MspInit                              0x080026fd   Thumb Code    52  stm32f1xx_hal_msp.o(i.HAL_MspInit)
    HAL_NVIC_SetPriority                     0x08002739   Thumb Code    60  stm32f1xx_hal_cortex.o(i.HAL_NVIC_SetPriority)
    HAL_NVIC_SetPriorityGrouping             0x08002779   Thumb Code    26  stm32f1xx_hal_cortex.o(i.HAL_NVIC_SetPriorityGrouping)
    HAL_RCC_ClockConfig                      0x0800279d   Thumb Code   280  stm32f1xx_hal_rcc.o(i.HAL_RCC_ClockConfig)
    HAL_RCC_GetSysClockFreq                  0x080028c9   Thumb Code    58  stm32f1xx_hal_rcc.o(i.HAL_RCC_GetSysClockFreq)
    HAL_RCC_OscConfig                        0x08002915   Thumb Code   778  stm32f1xx_hal_rcc.o(i.HAL_RCC_OscConfig)
    HAL_SPI_Init                             0x08002c35   Thumb Code   178  stm32f1xx_hal_spi.o(i.HAL_SPI_Init)
    HAL_SPI_MspInit                          0x08002ce9   Thumb Code    98  stm32f1xx_hal_msp.o(i.HAL_SPI_MspInit)
    HAL_SPI_Receive                          0x08002d59   Thumb Code   342  stm32f1xx_hal_spi.o(i.HAL_SPI_Receive)
    HAL_SPI_Transmit                         0x08002eaf   Thumb Code   366  stm32f1xx_hal_spi.o(i.HAL_SPI_Transmit)
    HAL_SPI_TransmitReceive                  0x0800301d   Thumb Code   494  stm32f1xx_hal_spi.o(i.HAL_SPI_TransmitReceive)
    HAL_SYSTICK_Config                       0x0800320b   Thumb Code    40  stm32f1xx_hal_cortex.o(i.HAL_SYSTICK_Config)
    HAL_TIMEx_MasterConfigSynchronization    0x08003235   Thumb Code    92  stm32f1xx_hal_tim_ex.o(i.HAL_TIMEx_MasterConfigSynchronization)
    HAL_TIM_Base_Init                        0x0800329d   Thumb Code    90  stm32f1xx_hal_tim.o(i.HAL_TIM_Base_Init)
    HAL_TIM_Base_MspInit                     0x080032f9   Thumb Code    30  stm32f1xx_hal_msp.o(i.HAL_TIM_Base_MspInit)
    HAL_TIM_Base_Start                       0x08003321   Thumb Code    66  stm32f1xx_hal_tim.o(i.HAL_TIM_Base_Start)
    HAL_TIM_MspPostInit                      0x08003371   Thumb Code    62  stm32f1xx_hal_msp.o(i.HAL_TIM_MspPostInit)
    HAL_TIM_PWM_ConfigChannel                0x080033bd   Thumb Code   204  stm32f1xx_hal_tim.o(i.HAL_TIM_PWM_ConfigChannel)
    HAL_TIM_PWM_Init                         0x08003489   Thumb Code    90  stm32f1xx_hal_tim.o(i.HAL_TIM_PWM_Init)
    HAL_TIM_PWM_MspInit                      0x080034e3   Thumb Code     2  stm32f1xx_hal_tim.o(i.HAL_TIM_PWM_MspInit)
    HAL_TIM_PWM_Start                        0x080034e5   Thumb Code   144  stm32f1xx_hal_tim.o(i.HAL_TIM_PWM_Start)
    HAL_TIM_PWM_Stop                         0x08003581   Thumb Code   108  stm32f1xx_hal_tim.o(i.HAL_TIM_PWM_Stop)
    HAL_TIM_SlaveConfigSynchro               0x080035f1   Thumb Code    86  stm32f1xx_hal_tim.o(i.HAL_TIM_SlaveConfigSynchro)
    HardFault_Handler                        0x08003647   Thumb Code     2  stm32f1xx_it.o(i.HardFault_Handler)
    LCD20X4_Clear                            0x08003649   Thumb Code    20  lcd20x4.o(i.LCD20X4_Clear)
    LCD20X4_Enable                           0x0800365d   Thumb Code    42  lcd20x4.o(i.LCD20X4_Enable)
    LCD20X4_Gotoxy                           0x0800368d   Thumb Code    44  lcd20x4.o(i.LCD20X4_Gotoxy)
    LCD20X4_Init                             0x080036b9   Thumb Code   102  lcd20x4.o(i.LCD20X4_Init)
    LCD20X4_PutChar                          0x08003725   Thumb Code     6  lcd20x4.o(i.LCD20X4_PutChar)
    LCD20X4_PutString                        0x0800372d   Thumb Code    22  lcd20x4.o(i.LCD20X4_PutString)
    LCD20X4_Send4Bit                         0x08003745   Thumb Code    64  lcd20x4.o(i.LCD20X4_Send4Bit)
    LCD20X4_SendCommand                      0x0800378d   Thumb Code    48  lcd20x4.o(i.LCD20X4_SendCommand)
    LCD20X4_SendInteger                      0x080037c1   Thumb Code    98  lcd20x4.o(i.LCD20X4_SendInteger)
    MFRC522_Anticoll                         0x08003823   Thumb Code    66  rfid_rcc522.o(i.MFRC522_Anticoll)
    MFRC522_Check                            0x08003865   Thumb Code    32  rfid_rcc522.o(i.MFRC522_Check)
    MFRC522_Halt                             0x08003885   Thumb Code    44  rfid_rcc522.o(i.MFRC522_Halt)
    MFRC522_Init                             0x080038b1   Thumb Code    72  rfid_rcc522.o(i.MFRC522_Init)
    MFRC522_Request                          0x080038fd   Thumb Code    46  rfid_rcc522.o(i.MFRC522_Request)
    MFRC522_Reset                            0x0800392b   Thumb Code     8  rfid_rcc522.o(i.MFRC522_Reset)
    MFRC522_ToCard                           0x08003933   Thumb Code   276  rfid_rcc522.o(i.MFRC522_ToCard)
    MemManage_Handler                        0x08003c59   Thumb Code     2  stm32f1xx_it.o(i.MemManage_Handler)
    NMI_Handler                              0x08003c5b   Thumb Code     2  stm32f1xx_it.o(i.NMI_Handler)
    NRF24_ACTIVATE_cmd                       0x08003c5d   Thumb Code    40  my_nrf24.o(i.NRF24_ACTIVATE_cmd)
    NRF24_Available                          0x08003c89   Thumb Code     6  my_nrf24.o(i.NRF24_Available)
    NRF24_AvailablePipe                      0x08003c8f   Thumb Code    48  my_nrf24.o(i.NRF24_AvailablePipe)
    NRF24_Begin                              0x08003cc1   Thumb Code   386  my_nrf24.o(i.NRF24_Begin)
    NRF24_DisableDynamicPayloads             0x08003e4d   Thumb Code    34  my_nrf24.o(i.NRF24_DisableDynamicPayloads)
    NRF24_EnableDynamicPayloads              0x08003e75   Thumb Code    70  my_nrf24.o(i.NRF24_EnableDynamicPayloads)
    NRF24_GetDynamicPayloadSize              0x08003ec1   Thumb Code     6  my_nrf24.o(i.NRF24_GetDynamicPayloadSize)
    NRF24_OpenReadingPipe                    0x08003ec9   Thumb Code    78  my_nrf24.o(i.NRF24_OpenReadingPipe)
    NRF24_OpenWritingPipe                    0x08003f21   Thumb Code    40  my_nrf24.o(i.NRF24_OpenWritingPipe)
    NRF24_PowerDown                          0x08003f4d   Thumb Code    22  my_nrf24.o(i.NRF24_PowerDown)
    NRF24_Read                               0x08003f63   Thumb Code    36  my_nrf24.o(i.NRF24_Read)
    NRF24_ResetStatus                        0x08003f87   Thumb Code     8  my_nrf24.o(i.NRF24_ResetStatus)
    NRF24_SetAutoAck                         0x08003f8f   Thumb Code    14  my_nrf24.o(i.NRF24_SetAutoAck)
    NRF24_SetCRCLength                       0x08003f9d   Thumb Code    40  my_nrf24.o(i.NRF24_SetCRCLength)
    NRF24_SetChannel                         0x08003fc5   Thumb Code    14  my_nrf24.o(i.NRF24_SetChannel)
    NRF24_SetDataRate                        0x08003fd5   Thumb Code    86  my_nrf24.o(i.NRF24_SetDataRate)
    NRF24_SetPALevel                         0x08004031   Thumb Code    60  my_nrf24.o(i.NRF24_SetPALevel)
    NRF24_SetPayloadSize                     0x0800406d   Thumb Code    12  my_nrf24.o(i.NRF24_SetPayloadSize)
    NRF24_SetRetries                         0x0800407d   Thumb Code    14  my_nrf24.o(i.NRF24_SetRetries)
    NRF24_StartListening                     0x0800408d   Thumb Code    64  my_nrf24.o(i.NRF24_StartListening)
    NRF24_StartWrite                         0x080040d1   Thumb Code    74  my_nrf24.o(i.NRF24_StartWrite)
    NRF24_StopListening                      0x0800411b   Thumb Code    20  my_nrf24.o(i.NRF24_StopListening)
    NRF24_WhatHappened                       0x0800412f   Thumb Code    50  my_nrf24.o(i.NRF24_WhatHappened)
    NRF24_Write                              0x08004161   Thumb Code    94  my_nrf24.o(i.NRF24_Write)
    NRF24_ce                                 0x080041c5   Thumb Code    16  my_nrf24.o(i.NRF24_ce)
    NRF24_csn                                0x080041d9   Thumb Code    16  my_nrf24.o(i.NRF24_csn)
    NRF24_flush_rx                           0x080041ed   Thumb Code     8  my_nrf24.o(i.NRF24_flush_rx)
    NRF24_flush_tx                           0x080041f5   Thumb Code     8  my_nrf24.o(i.NRF24_flush_tx)
    NRF24_get_status                         0x080041fd   Thumb Code     6  my_nrf24.o(i.NRF24_get_status)
    NRF24_read_payload                       0x08004205   Thumb Code    58  my_nrf24.o(i.NRF24_read_payload)
    NRF24_read_register                      0x08004249   Thumb Code    58  my_nrf24.o(i.NRF24_read_register)
    NRF24_read_registerN                     0x08004289   Thumb Code    54  my_nrf24.o(i.NRF24_read_registerN)
    NRF24_write_payload                      0x080042c5   Thumb Code    50  my_nrf24.o(i.NRF24_write_payload)
    NRF24_write_register                     0x080042fd   Thumb Code    44  my_nrf24.o(i.NRF24_write_register)
    NRF24_write_registerN                    0x0800432d   Thumb Code    54  my_nrf24.o(i.NRF24_write_registerN)
    PendSV_Handler                           0x08004369   Thumb Code     2  stm32f1xx_it.o(i.PendSV_Handler)
    RC522_SPI_Transfer                       0x0800436d   Thumb Code    26  rfid_rcc522.o(i.RC522_SPI_Transfer)
    Read_FLashFrom                           0x0800438d   Thumb Code   218  main.o(i.Read_FLashFrom)
    Read_MFRC522                             0x0800448d   Thumb Code    52  rfid_rcc522.o(i.Read_MFRC522)
    SVC_Handler                              0x080045f9   Thumb Code     2  stm32f1xx_it.o(i.SVC_Handler)
    SetBitMask                               0x080045fb   Thumb Code    24  rfid_rcc522.o(i.SetBitMask)
    Slave_Name_Add                           0x08004615   Thumb Code   350  main.o(i.Slave_Name_Add)
    SysTick_Handler                          0x0800477d   Thumb Code     4  stm32f1xx_it.o(i.SysTick_Handler)
    SystemClock_Config                       0x08004781   Thumb Code    94  main.o(i.SystemClock_Config)
    SystemInit                               0x080047df   Thumb Code     2  system_stm32f1xx.o(i.SystemInit)
    TIM_Base_SetConfig                       0x080047e1   Thumb Code    94  stm32f1xx_hal_tim.o(i.TIM_Base_SetConfig)
    TIM_CCxChannelCmd                        0x0800484d   Thumb Code    26  stm32f1xx_hal_tim.o(i.TIM_CCxChannelCmd)
    TIM_ETR_SetConfig                        0x08004867   Thumb Code    20  stm32f1xx_hal_tim.o(i.TIM_ETR_SetConfig)
    TIM_OC2_SetConfig                        0x080048cd   Thumb Code    84  stm32f1xx_hal_tim.o(i.TIM_OC2_SetConfig)
    UsageFault_Handler                       0x08004a93   Thumb Code     2  stm32f1xx_it.o(i.UsageFault_Handler)
    Write_MFRC522                            0x08004a95   Thumb Code    48  rfid_rcc522.o(i.Write_MFRC522)
    keyPad                                   0x08004ae9   Thumb Code   246  main.o(i.keyPad)
    main                                     0x08004bf1   Thumb Code   584  main.o(i.main)
    AHBPrescTable                            0x08004e7a   Data          16  system_stm32f1xx.o(.constdata)
    Region$$Table$$Base                      0x08004e98   Number         0  anon$$obj.o(Region$$Table)
    Region$$Table$$Limit                     0x08004eb8   Number         0  anon$$obj.o(Region$$Table)
    ucountName                               0x20000003   Data           1  main.o(.data)
    ucountCheck                              0x20000004   Data           1  main.o(.data)
    countPass                                0x20000005   Data           1  main.o(.data)
    countCard                                0x20000006   Data           1  main.o(.data)
    Send_TextDisplayGateWay                  0x20000007   Data           1  main.o(.data)
    checkPage                                0x20000013   Data           1  main.o(.data)
    last_count                               0x20000014   Data           1  main.o(.data)
    key                                      0x20000015   Data           1  main.o(.data)
    Display_Add                              0x20000016   Data           1  main.o(.data)
    Display_Remove                           0x20000017   Data           1  main.o(.data)
    Old_Add_Remove                           0x20000018   Data           1  main.o(.data)
    Old_PassID                               0x20000019   Data           1  main.o(.data)
    EnterThePass                             0x2000001a   Data           1  main.o(.data)
    Display_Pass_OK                          0x2000001b   Data           1  main.o(.data)
    Display_Pass_ERR                         0x2000001c   Data           1  main.o(.data)
    Display_Loop                             0x2000001d   Data           1  main.o(.data)
    Correct_Pass                             0x2000001e   Data           1  main.o(.data)
    ERROR_Pass                               0x2000001f   Data           1  main.o(.data)
    Display_CheckPass                        0x20000020   Data           1  main.o(.data)
    Display_CheckPassHome                    0x20000021   Data           1  main.o(.data)
    Send_ToGateWay                           0x20000022   Data           1  main.o(.data)
    countName                                0x20000024   Data           2  main.o(.data)
    lastDelay                                0x2000002c   Data           4  main.o(.data)
    CheckName                                0x20000030   Data           4  main.o(.data)
    Display_Name_slave                       0x20000034   Data           4  main.o(.data)
    CardID                                   0x2000003d   Data           5  main.o(.data)
    Pass_Home                                0x20000042   Data           7  main.o(.data)
    Pass_Change                              0x20000049   Data           7  main.o(.data)
    XacNhanLai                               0x20000050   Data           7  main.o(.data)
    Enter_Pass                               0x20000057   Data           7  main.o(.data)
    Address_NodeGate                         0x20000060   Data           8  main.o(.data)
    uwTickFreq                               0x20000068   Data           1  stm32f1xx_hal.o(.data)
    uwTickPrio                               0x2000006c   Data           4  stm32f1xx_hal.o(.data)
    uwTick                                   0x20000070   Data           4  stm32f1xx_hal.o(.data)
    SystemCoreClock                          0x20000074   Data           4  system_stm32f1xx.o(.data)
    buffer                                   0x20000090   Data          32  main.o(.bss)
    Slaver_CardID                            0x200000b0   Data         100  main.o(.bss)
    Name_Slaver                              0x20000114   Data          60  main.o(.bss)
    hspi1                                    0x20000150   Data          88  main.o(.bss)
    htim4                                    0x200001a8   Data          72  main.o(.bss)
    pFlash                                   0x200001f0   Data          32  stm32f1xx_hal_flash.o(.bss)
    __libspace_start                         0x20000268   Data          96  libspace.o(.bss)
    __temporary_stack_top$libspace           0x200002c8   Data           0  libspace.o(.bss)



==============================================================================

Memory Map of the image

  Image Entry point : 0x080000ed

  Load Region LR_IROM1 (Base: 0x08000000, Size: 0x00004f48, Max: 0x00010000, ABSOLUTE)

    Execution Region ER_IROM1 (Exec base: 0x08000000, Load base: 0x08000000, Size: 0x00004eb8, Max: 0x00010000, ABSOLUTE)

    Exec Addr    Load Addr    Size         Type   Attr      Idx    E Section Name        Object

    0x08000000   0x08000000   0x000000ec   Data   RO            3    RESET               startup_stm32f103xb.o
    0x080000ec   0x080000ec   0x00000008   Code   RO         3370  * !!!main             c_w.l(__main.o)
    0x080000f4   0x080000f4   0x00000034   Code   RO         3552    !!!scatter          c_w.l(__scatter.o)
    0x08000128   0x08000128   0x0000001a   Code   RO         3554    !!handler_copy      c_w.l(__scatter_copy.o)
    0x08000142   0x08000142   0x00000002   PAD
    0x08000144   0x08000144   0x0000001c   Code   RO         3556    !!handler_zi        c_w.l(__scatter_zi.o)
    0x08000160   0x08000160   0x00000002   Code   RO         3422    .ARM.Collect$$libinit$$00000000  c_w.l(libinit.o)
    0x08000162   0x08000162   0x00000000   Code   RO         3429    .ARM.Collect$$libinit$$00000002  c_w.l(libinit2.o)
    0x08000162   0x08000162   0x00000000   Code   RO         3431    .ARM.Collect$$libinit$$00000004  c_w.l(libinit2.o)
    0x08000162   0x08000162   0x00000000   Code   RO         3434    .ARM.Collect$$libinit$$0000000A  c_w.l(libinit2.o)
    0x08000162   0x08000162   0x00000000   Code   RO         3436    .ARM.Collect$$libinit$$0000000C  c_w.l(libinit2.o)
    0x08000162   0x08000162   0x00000000   Code   RO         3438    .ARM.Collect$$libinit$$0000000E  c_w.l(libinit2.o)
    0x08000162   0x08000162   0x00000000   Code   RO         3441    .ARM.Collect$$libinit$$00000011  c_w.l(libinit2.o)
    0x08000162   0x08000162   0x00000000   Code   RO         3443    .ARM.Collect$$libinit$$00000013  c_w.l(libinit2.o)
    0x08000162   0x08000162   0x00000000   Code   RO         3445    .ARM.Collect$$libinit$$00000015  c_w.l(libinit2.o)
    0x08000162   0x08000162   0x00000000   Code   RO         3447    .ARM.Collect$$libinit$$00000017  c_w.l(libinit2.o)
    0x08000162   0x08000162   0x00000000   Code   RO         3449    .ARM.Collect$$libinit$$00000019  c_w.l(libinit2.o)
    0x08000162   0x08000162   0x00000000   Code   RO         3451    .ARM.Collect$$libinit$$0000001B  c_w.l(libinit2.o)
    0x08000162   0x08000162   0x00000000   Code   RO         3453    .ARM.Collect$$libinit$$0000001D  c_w.l(libinit2.o)
    0x08000162   0x08000162   0x00000000   Code   RO         3455    .ARM.Collect$$libinit$$0000001F  c_w.l(libinit2.o)
    0x08000162   0x08000162   0x00000000   Code   RO         3457    .ARM.Collect$$libinit$$00000021  c_w.l(libinit2.o)
    0x08000162   0x08000162   0x00000000   Code   RO         3459    .ARM.Collect$$libinit$$00000023  c_w.l(libinit2.o)
    0x08000162   0x08000162   0x00000000   Code   RO         3461    .ARM.Collect$$libinit$$00000025  c_w.l(libinit2.o)
    0x08000162   0x08000162   0x00000000   Code   RO         3465    .ARM.Collect$$libinit$$0000002C  c_w.l(libinit2.o)
    0x08000162   0x08000162   0x00000000   Code   RO         3467    .ARM.Collect$$libinit$$0000002E  c_w.l(libinit2.o)
    0x08000162   0x08000162   0x00000000   Code   RO         3469    .ARM.Collect$$libinit$$00000030  c_w.l(libinit2.o)
    0x08000162   0x08000162   0x00000000   Code   RO         3471    .ARM.Collect$$libinit$$00000032  c_w.l(libinit2.o)
    0x08000162   0x08000162   0x00000002   Code   RO         3472    .ARM.Collect$$libinit$$00000033  c_w.l(libinit2.o)
    0x08000164   0x08000164   0x00000002   Code   RO         3492    .ARM.Collect$$libshutdown$$00000000  c_w.l(libshutdown.o)
    0x08000166   0x08000166   0x00000000   Code   RO         3505    .ARM.Collect$$libshutdown$$00000002  c_w.l(libshutdown2.o)
    0x08000166   0x08000166   0x00000000   Code   RO         3507    .ARM.Collect$$libshutdown$$00000004  c_w.l(libshutdown2.o)
    0x08000166   0x08000166   0x00000000   Code   RO         3510    .ARM.Collect$$libshutdown$$00000007  c_w.l(libshutdown2.o)
    0x08000166   0x08000166   0x00000000   Code   RO         3513    .ARM.Collect$$libshutdown$$0000000A  c_w.l(libshutdown2.o)
    0x08000166   0x08000166   0x00000000   Code   RO         3515    .ARM.Collect$$libshutdown$$0000000C  c_w.l(libshutdown2.o)
    0x08000166   0x08000166   0x00000000   Code   RO         3518    .ARM.Collect$$libshutdown$$0000000F  c_w.l(libshutdown2.o)
    0x08000166   0x08000166   0x00000002   Code   RO         3519    .ARM.Collect$$libshutdown$$00000010  c_w.l(libshutdown2.o)
    0x08000168   0x08000168   0x00000000   Code   RO         3390    .ARM.Collect$$rtentry$$00000000  c_w.l(__rtentry.o)
    0x08000168   0x08000168   0x00000000   Code   RO         3399    .ARM.Collect$$rtentry$$00000002  c_w.l(__rtentry2.o)
    0x08000168   0x08000168   0x00000006   Code   RO         3411    .ARM.Collect$$rtentry$$00000004  c_w.l(__rtentry4.o)
    0x0800016e   0x0800016e   0x00000000   Code   RO         3401    .ARM.Collect$$rtentry$$00000009  c_w.l(__rtentry2.o)
    0x0800016e   0x0800016e   0x00000004   Code   RO         3402    .ARM.Collect$$rtentry$$0000000A  c_w.l(__rtentry2.o)
    0x08000172   0x08000172   0x00000000   Code   RO         3404    .ARM.Collect$$rtentry$$0000000C  c_w.l(__rtentry2.o)
    0x08000172   0x08000172   0x00000008   Code   RO         3405    .ARM.Collect$$rtentry$$0000000D  c_w.l(__rtentry2.o)
    0x0800017a   0x0800017a   0x00000002   Code   RO         3426    .ARM.Collect$$rtexit$$00000000  c_w.l(rtexit.o)
    0x0800017c   0x0800017c   0x00000000   Code   RO         3474    .ARM.Collect$$rtexit$$00000002  c_w.l(rtexit2.o)
    0x0800017c   0x0800017c   0x00000004   Code   RO         3475    .ARM.Collect$$rtexit$$00000003  c_w.l(rtexit2.o)
    0x08000180   0x08000180   0x00000006   Code   RO         3476    .ARM.Collect$$rtexit$$00000004  c_w.l(rtexit2.o)
    0x08000186   0x08000186   0x00000002   PAD
    0x08000188   0x08000188   0x00000040   Code   RO            4    .text               startup_stm32f103xb.o
    0x080001c8   0x080001c8   0x00000026   Code   RO         3358    .text               c_w.l(llushr.o)
    0x080001ee   0x080001ee   0x00000064   Code   RO         3360    .text               c_w.l(rt_memcpy_w.o)
    0x08000252   0x08000252   0x00000010   Code   RO         3362    .text               c_w.l(aeabi_memset.o)
    0x08000262   0x08000262   0x0000004e   Code   RO         3364    .text               c_w.l(rt_memclr_w.o)
    0x080002b0   0x080002b0   0x00000080   Code   RO         3366    .text               c_w.l(strcmpv7m.o)
    0x08000330   0x08000330   0x00000006   Code   RO         3368    .text               c_w.l(heapauxi.o)
    0x08000336   0x08000336   0x00000044   Code   RO         3391    .text               c_w.l(rt_memclr.o)
    0x0800037a   0x0800037a   0x0000004a   Code   RO         3413    .text               c_w.l(sys_stackheap_outer.o)
    0x080003c4   0x080003c4   0x00000012   Code   RO         3415    .text               c_w.l(exit.o)
    0x080003d6   0x080003d6   0x00000002   PAD
    0x080003d8   0x080003d8   0x00000008   Code   RO         3423    .text               c_w.l(libspace.o)
    0x080003e0   0x080003e0   0x0000000c   Code   RO         3484    .text               c_w.l(sys_exit.o)
    0x080003ec   0x080003ec   0x00000002   Code   RO         3495    .text               c_w.l(use_no_semi.o)
    0x080003ee   0x080003ee   0x00000000   Code   RO         3497    .text               c_w.l(indicate_semi.o)
    0x080003ee   0x080003ee   0x00000002   PAD
    0x080003f0   0x080003f0   0x00000340   Code   RO           13    i.Add_RemoveCard    main.o
    0x08000730   0x08000730   0x00000014   Code   RO         3079    i.AntennaOn         rfid_rcc522.o
    0x08000744   0x08000744   0x00000002   Code   RO          295    i.BusFault_Handler  stm32f1xx_it.o
    0x08000746   0x08000746   0x0000005e   Code   RO         3080    i.CalulateCRC       rfid_rcc522.o
    0x080007a4   0x080007a4   0x00000054   Code   RO           14    i.Check_Add_Remove  main.o
    0x080007f8   0x080007f8   0x0000012c   Code   RO           15    i.Check_CardID      main.o
    0x08000924   0x08000924   0x00000064   Code   RO           16    i.Check_Creat_Change_PassID  main.o
    0x08000988   0x08000988   0x00000288   Code   RO           17    i.Check_PassID      main.o
    0x08000c10   0x08000c10   0x00000018   Code   RO         3081    i.ClearBitMask      rfid_rcc522.o
    0x08000c28   0x08000c28   0x000008a8   Code   RO           18    i.Creat_Change_PassID  main.o
    0x080014d0   0x080014d0   0x00000002   Code   RO          296    i.DebugMon_Handler  stm32f1xx_it.o
    0x080014d2   0x080014d2   0x00000002   PAD
    0x080014d4   0x080014d4   0x00000164   Code   RO           19    i.Display_Add_Remove  main.o
    0x08001638   0x08001638   0x00000128   Code   RO           20    i.Display_CheckPass_Corret_Error  main.o
    0x08001760   0x08001760   0x00000098   Code   RO           21    i.Display_Check_Add_Remove  main.o
    0x080017f8   0x080017f8   0x00000078   Code   RO           22    i.Display_Check_Creat_Change_Pass  main.o
    0x08001870   0x08001870   0x0000013c   Code   RO           23    i.Display_Creat_Change_Pass  main.o
    0x080019ac   0x080019ac   0x0000015c   Code   RO           24    i.Display_Creat_Change_Pass_OK_ERR  main.o
    0x08001b08   0x08001b08   0x00000160   Code   RO           25    i.Display_PassHome  main.o
    0x08001c68   0x08001c68   0x00000088   Code   RO           26    i.Display_Slave_Name  main.o
    0x08001cf0   0x08001cf0   0x0000029c   Code   RO           27    i.Display_Total     main.o
    0x08001f8c   0x08001f8c   0x000001e8   Code   RO           28    i.Door_StepMotor    main.o
    0x08002174   0x08002174   0x00000024   Code   RO         1602    i.FLASH_MassErase   stm32f1xx_hal_flash_ex.o
    0x08002198   0x08002198   0x00000024   Code   RO         1607    i.FLASH_PageErase   stm32f1xx_hal_flash_ex.o
    0x080021bc   0x080021bc   0x0000001c   Code   RO         1499    i.FLASH_Program_HalfWord  stm32f1xx_hal_flash.o
    0x080021d8   0x080021d8   0x0000005c   Code   RO         1500    i.FLASH_SetErrorCode  stm32f1xx_hal_flash.o
    0x08002234   0x08002234   0x00000054   Code   RO         1501    i.FLASH_WaitForLastOperation  stm32f1xx_hal_flash.o
    0x08002288   0x08002288   0x00000026   Code   RO         3290    i.Flash_Erase       flash.o
    0x080022ae   0x080022ae   0x0000001a   Code   RO         3291    i.Flash_Read_Array  flash.o
    0x080022c8   0x080022c8   0x00000036   Code   RO         3294    i.Flash_Write_Array  flash.o
    0x080022fe   0x080022fe   0x00000002   PAD
    0x08002300   0x08002300   0x00000024   Code   RO          789    i.HAL_Delay         stm32f1xx_hal.o
    0x08002324   0x08002324   0x000000a8   Code   RO         1608    i.HAL_FLASHEx_Erase  stm32f1xx_hal_flash_ex.o
    0x080023cc   0x080023cc   0x00000014   Code   RO         1505    i.HAL_FLASH_Lock    stm32f1xx_hal_flash.o
    0x080023e0   0x080023e0   0x00000080   Code   RO         1510    i.HAL_FLASH_Program  stm32f1xx_hal_flash.o
    0x08002460   0x08002460   0x00000028   Code   RO         1512    i.HAL_FLASH_Unlock  stm32f1xx_hal_flash.o
    0x08002488   0x08002488   0x000001e0   Code   RO         1099    i.HAL_GPIO_Init     stm32f1xx_hal_gpio.o
    0x08002668   0x08002668   0x0000000a   Code   RO         1101    i.HAL_GPIO_ReadPin  stm32f1xx_hal_gpio.o
    0x08002672   0x08002672   0x0000000a   Code   RO         1103    i.HAL_GPIO_WritePin  stm32f1xx_hal_gpio.o
    0x0800267c   0x0800267c   0x0000000c   Code   RO          793    i.HAL_GetTick       stm32f1xx_hal.o
    0x08002688   0x08002688   0x00000010   Code   RO          799    i.HAL_IncTick       stm32f1xx_hal.o
    0x08002698   0x08002698   0x00000024   Code   RO          800    i.HAL_Init          stm32f1xx_hal.o
    0x080026bc   0x080026bc   0x00000040   Code   RO          801    i.HAL_InitTick      stm32f1xx_hal.o
    0x080026fc   0x080026fc   0x0000003c   Code   RO          370    i.HAL_MspInit       stm32f1xx_hal_msp.o
    0x08002738   0x08002738   0x00000040   Code   RO         1265    i.HAL_NVIC_SetPriority  stm32f1xx_hal_cortex.o
    0x08002778   0x08002778   0x00000024   Code   RO         1266    i.HAL_NVIC_SetPriorityGrouping  stm32f1xx_hal_cortex.o
    0x0800279c   0x0800279c   0x0000012c   Code   RO          957    i.HAL_RCC_ClockConfig  stm32f1xx_hal_rcc.o
    0x080028c8   0x080028c8   0x0000004c   Code   RO          966    i.HAL_RCC_GetSysClockFreq  stm32f1xx_hal_rcc.o
    0x08002914   0x08002914   0x00000320   Code   RO          969    i.HAL_RCC_OscConfig  stm32f1xx_hal_rcc.o
    0x08002c34   0x08002c34   0x000000b2   Code   RO          471    i.HAL_SPI_Init      stm32f1xx_hal_spi.o
    0x08002ce6   0x08002ce6   0x00000002   PAD
    0x08002ce8   0x08002ce8   0x00000070   Code   RO          372    i.HAL_SPI_MspInit   stm32f1xx_hal_msp.o
    0x08002d58   0x08002d58   0x00000156   Code   RO          474    i.HAL_SPI_Receive   stm32f1xx_hal_spi.o
    0x08002eae   0x08002eae   0x0000016e   Code   RO          479    i.HAL_SPI_Transmit  stm32f1xx_hal_spi.o
    0x0800301c   0x0800301c   0x000001ee   Code   RO          480    i.HAL_SPI_TransmitReceive  stm32f1xx_hal_spi.o
    0x0800320a   0x0800320a   0x00000028   Code   RO         1270    i.HAL_SYSTICK_Config  stm32f1xx_hal_cortex.o
    0x08003232   0x08003232   0x00000002   PAD
    0x08003234   0x08003234   0x00000068   Code   RO         2484    i.HAL_TIMEx_MasterConfigSynchronization  stm32f1xx_hal_tim_ex.o
    0x0800329c   0x0800329c   0x0000005a   Code   RO         1761    i.HAL_TIM_Base_Init  stm32f1xx_hal_tim.o
    0x080032f6   0x080032f6   0x00000002   PAD
    0x080032f8   0x080032f8   0x00000028   Code   RO          374    i.HAL_TIM_Base_MspInit  stm32f1xx_hal_msp.o
    0x08003320   0x08003320   0x00000050   Code   RO         1764    i.HAL_TIM_Base_Start  stm32f1xx_hal_tim.o
    0x08003370   0x08003370   0x0000004c   Code   RO          375    i.HAL_TIM_MspPostInit  stm32f1xx_hal_msp.o
    0x080033bc   0x080033bc   0x000000cc   Code   RO         1833    i.HAL_TIM_PWM_ConfigChannel  stm32f1xx_hal_tim.o
    0x08003488   0x08003488   0x0000005a   Code   RO         1836    i.HAL_TIM_PWM_Init  stm32f1xx_hal_tim.o
    0x080034e2   0x080034e2   0x00000002   Code   RO         1838    i.HAL_TIM_PWM_MspInit  stm32f1xx_hal_tim.o
    0x080034e4   0x080034e4   0x0000009c   Code   RO         1841    i.HAL_TIM_PWM_Start  stm32f1xx_hal_tim.o
    0x08003580   0x08003580   0x00000070   Code   RO         1844    i.HAL_TIM_PWM_Stop  stm32f1xx_hal_tim.o
    0x080035f0   0x080035f0   0x00000056   Code   RO         1850    i.HAL_TIM_SlaveConfigSynchro  stm32f1xx_hal_tim.o
    0x08003646   0x08003646   0x00000002   Code   RO          297    i.HardFault_Handler  stm32f1xx_it.o
    0x08003648   0x08003648   0x00000014   Code   RO         3214    i.LCD20X4_Clear     lcd20x4.o
    0x0800365c   0x0800365c   0x00000030   Code   RO         3215    i.LCD20X4_Enable    lcd20x4.o
    0x0800368c   0x0800368c   0x0000002c   Code   RO         3216    i.LCD20X4_Gotoxy    lcd20x4.o
    0x080036b8   0x080036b8   0x0000006c   Code   RO         3217    i.LCD20X4_Init      lcd20x4.o
    0x08003724   0x08003724   0x00000006   Code   RO         3218    i.LCD20X4_PutChar   lcd20x4.o
    0x0800372a   0x0800372a   0x00000002   PAD
    0x0800372c   0x0800372c   0x00000016   Code   RO         3219    i.LCD20X4_PutString  lcd20x4.o
    0x08003742   0x08003742   0x00000002   PAD
    0x08003744   0x08003744   0x00000048   Code   RO         3220    i.LCD20X4_Send4Bit  lcd20x4.o
    0x0800378c   0x0800378c   0x00000034   Code   RO         3221    i.LCD20X4_SendCommand  lcd20x4.o
    0x080037c0   0x080037c0   0x00000062   Code   RO         3223    i.LCD20X4_SendInteger  lcd20x4.o
    0x08003822   0x08003822   0x00000042   Code   RO         3082    i.MFRC522_Anticoll  rfid_rcc522.o
    0x08003864   0x08003864   0x00000020   Code   RO         3084    i.MFRC522_Check     rfid_rcc522.o
    0x08003884   0x08003884   0x0000002c   Code   RO         3086    i.MFRC522_Halt      rfid_rcc522.o
    0x080038b0   0x080038b0   0x0000004c   Code   RO         3087    i.MFRC522_Init      rfid_rcc522.o
    0x080038fc   0x080038fc   0x0000002e   Code   RO         3089    i.MFRC522_Request   rfid_rcc522.o
    0x0800392a   0x0800392a   0x00000008   Code   RO         3090    i.MFRC522_Reset     rfid_rcc522.o
    0x08003932   0x08003932   0x00000114   Code   RO         3092    i.MFRC522_ToCard    rfid_rcc522.o
    0x08003a46   0x08003a46   0x00000002   PAD
    0x08003a48   0x08003a48   0x00000130   Code   RO           30    i.MX_GPIO_Init      main.o
    0x08003b78   0x08003b78   0x00000044   Code   RO           31    i.MX_SPI1_Init      main.o
    0x08003bbc   0x08003bbc   0x0000009c   Code   RO           32    i.MX_TIM4_Init      main.o
    0x08003c58   0x08003c58   0x00000002   Code   RO          298    i.MemManage_Handler  stm32f1xx_it.o
    0x08003c5a   0x08003c5a   0x00000002   Code   RO          299    i.NMI_Handler       stm32f1xx_it.o
    0x08003c5c   0x08003c5c   0x0000002c   Code   RO         2770    i.NRF24_ACTIVATE_cmd  my_nrf24.o
    0x08003c88   0x08003c88   0x00000006   Code   RO         2771    i.NRF24_Available   my_nrf24.o
    0x08003c8e   0x08003c8e   0x00000030   Code   RO         2772    i.NRF24_AvailablePipe  my_nrf24.o
    0x08003cbe   0x08003cbe   0x00000002   PAD
    0x08003cc0   0x08003cc0   0x0000018c   Code   RO         2773    i.NRF24_Begin       my_nrf24.o
    0x08003e4c   0x08003e4c   0x00000028   Code   RO         2776    i.NRF24_DisableDynamicPayloads  my_nrf24.o
    0x08003e74   0x08003e74   0x0000004c   Code   RO         2778    i.NRF24_EnableDynamicPayloads  my_nrf24.o
    0x08003ec0   0x08003ec0   0x00000006   Code   RO         2782    i.NRF24_GetDynamicPayloadSize  my_nrf24.o
    0x08003ec6   0x08003ec6   0x00000002   PAD
    0x08003ec8   0x08003ec8   0x00000058   Code   RO         2787    i.NRF24_OpenReadingPipe  my_nrf24.o
    0x08003f20   0x08003f20   0x0000002c   Code   RO         2788    i.NRF24_OpenWritingPipe  my_nrf24.o
    0x08003f4c   0x08003f4c   0x00000016   Code   RO         2789    i.NRF24_PowerDown   my_nrf24.o
    0x08003f62   0x08003f62   0x00000024   Code   RO         2791    i.NRF24_Read        my_nrf24.o
    0x08003f86   0x08003f86   0x00000008   Code   RO         2792    i.NRF24_ResetStatus  my_nrf24.o
    0x08003f8e   0x08003f8e   0x0000000e   Code   RO         2793    i.NRF24_SetAutoAck  my_nrf24.o
    0x08003f9c   0x08003f9c   0x00000028   Code   RO         2795    i.NRF24_SetCRCLength  my_nrf24.o
    0x08003fc4   0x08003fc4   0x0000000e   Code   RO         2796    i.NRF24_SetChannel  my_nrf24.o
    0x08003fd2   0x08003fd2   0x00000002   PAD
    0x08003fd4   0x08003fd4   0x0000005c   Code   RO         2797    i.NRF24_SetDataRate  my_nrf24.o
    0x08004030   0x08004030   0x0000003c   Code   RO         2798    i.NRF24_SetPALevel  my_nrf24.o
    0x0800406c   0x0800406c   0x00000010   Code   RO         2799    i.NRF24_SetPayloadSize  my_nrf24.o
    0x0800407c   0x0800407c   0x0000000e   Code   RO         2800    i.NRF24_SetRetries  my_nrf24.o
    0x0800408a   0x0800408a   0x00000002   PAD
    0x0800408c   0x0800408c   0x00000044   Code   RO         2801    i.NRF24_StartListening  my_nrf24.o
    0x080040d0   0x080040d0   0x0000004a   Code   RO         2802    i.NRF24_StartWrite  my_nrf24.o
    0x0800411a   0x0800411a   0x00000014   Code   RO         2803    i.NRF24_StopListening  my_nrf24.o
    0x0800412e   0x0800412e   0x00000032   Code   RO         2806    i.NRF24_WhatHappened  my_nrf24.o
    0x08004160   0x08004160   0x00000064   Code   RO         2807    i.NRF24_Write       my_nrf24.o
    0x080041c4   0x080041c4   0x00000014   Code   RO         2809    i.NRF24_ce          my_nrf24.o
    0x080041d8   0x080041d8   0x00000014   Code   RO         2810    i.NRF24_csn         my_nrf24.o
    0x080041ec   0x080041ec   0x00000008   Code   RO         2811    i.NRF24_flush_rx    my_nrf24.o
    0x080041f4   0x080041f4   0x00000008   Code   RO         2812    i.NRF24_flush_tx    my_nrf24.o
    0x080041fc   0x080041fc   0x00000006   Code   RO         2813    i.NRF24_get_status  my_nrf24.o
    0x08004202   0x08004202   0x00000002   PAD
    0x08004204   0x08004204   0x00000044   Code   RO         2814    i.NRF24_read_payload  my_nrf24.o
    0x08004248   0x08004248   0x00000040   Code   RO         2815    i.NRF24_read_register  my_nrf24.o
    0x08004288   0x08004288   0x0000003c   Code   RO         2816    i.NRF24_read_registerN  my_nrf24.o
    0x080042c4   0x080042c4   0x00000038   Code   RO         2817    i.NRF24_write_payload  my_nrf24.o
    0x080042fc   0x080042fc   0x00000030   Code   RO         2818    i.NRF24_write_register  my_nrf24.o
    0x0800432c   0x0800432c   0x0000003c   Code   RO         2819    i.NRF24_write_registerN  my_nrf24.o
    0x08004368   0x08004368   0x00000002   Code   RO          300    i.PendSV_Handler    stm32f1xx_it.o
    0x0800436a   0x0800436a   0x00000002   PAD
    0x0800436c   0x0800436c   0x00000020   Code   RO         3094    i.RC522_SPI_Transfer  rfid_rcc522.o
    0x0800438c   0x0800438c   0x00000100   Code   RO           33    i.Read_FLashFrom    main.o
    0x0800448c   0x0800448c   0x00000038   Code   RO         3095    i.Read_MFRC522      rfid_rcc522.o
    0x080044c4   0x080044c4   0x0000005c   Code   RO          508    i.SPI_EndRxTransaction  stm32f1xx_hal_spi.o
    0x08004520   0x08004520   0x00000020   Code   RO          509    i.SPI_EndRxTxTransaction  stm32f1xx_hal_spi.o
    0x08004540   0x08004540   0x000000b8   Code   RO          514    i.SPI_WaitFlagStateUntilTimeout  stm32f1xx_hal_spi.o
    0x080045f8   0x080045f8   0x00000002   Code   RO          301    i.SVC_Handler       stm32f1xx_it.o
    0x080045fa   0x080045fa   0x00000018   Code   RO         3096    i.SetBitMask        rfid_rcc522.o
    0x08004612   0x08004612   0x00000002   PAD
    0x08004614   0x08004614   0x00000168   Code   RO           34    i.Slave_Name_Add    main.o
    0x0800477c   0x0800477c   0x00000004   Code   RO          302    i.SysTick_Handler   stm32f1xx_it.o
    0x08004780   0x08004780   0x0000005e   Code   RO           35    i.SystemClock_Config  main.o
    0x080047de   0x080047de   0x00000002   Code   RO         2733    i.SystemInit        system_stm32f1xx.o
    0x080047e0   0x080047e0   0x0000006c   Code   RO         1854    i.TIM_Base_SetConfig  stm32f1xx_hal_tim.o
    0x0800484c   0x0800484c   0x0000001a   Code   RO         1855    i.TIM_CCxChannelCmd  stm32f1xx_hal_tim.o
    0x08004866   0x08004866   0x00000014   Code   RO         1865    i.TIM_ETR_SetConfig  stm32f1xx_hal_tim.o
    0x0800487a   0x0800487a   0x00000002   PAD
    0x0800487c   0x0800487c   0x00000050   Code   RO         1867    i.TIM_OC1_SetConfig  stm32f1xx_hal_tim.o
    0x080048cc   0x080048cc   0x00000058   Code   RO         1868    i.TIM_OC2_SetConfig  stm32f1xx_hal_tim.o
    0x08004924   0x08004924   0x00000058   Code   RO         1869    i.TIM_OC3_SetConfig  stm32f1xx_hal_tim.o
    0x0800497c   0x0800497c   0x00000044   Code   RO         1870    i.TIM_OC4_SetConfig  stm32f1xx_hal_tim.o
    0x080049c0   0x080049c0   0x0000008c   Code   RO         1871    i.TIM_SlaveTimer_SetConfig  stm32f1xx_hal_tim.o
    0x08004a4c   0x08004a4c   0x00000022   Code   RO         1872    i.TIM_TI1_ConfigInputStage  stm32f1xx_hal_tim.o
    0x08004a6e   0x08004a6e   0x00000024   Code   RO         1874    i.TIM_TI2_ConfigInputStage  stm32f1xx_hal_tim.o
    0x08004a92   0x08004a92   0x00000002   Code   RO          303    i.UsageFault_Handler  stm32f1xx_it.o
    0x08004a94   0x08004a94   0x00000034   Code   RO         3097    i.Write_MFRC522     rfid_rcc522.o
    0x08004ac8   0x08004ac8   0x00000020   Code   RO         1272    i.__NVIC_SetPriority  stm32f1xx_hal_cortex.o
    0x08004ae8   0x08004ae8   0x00000108   Code   RO           36    i.keyPad            main.o
    0x08004bf0   0x08004bf0   0x00000268   Code   RO           37    i.main              main.o
    0x08004e58   0x08004e58   0x00000010   Data   RO           39    .constdata          main.o
    0x08004e68   0x08004e68   0x00000012   Data   RO          970    .constdata          stm32f1xx_hal_rcc.o
    0x08004e7a   0x08004e7a   0x00000010   Data   RO         2734    .constdata          system_stm32f1xx.o
    0x08004e8a   0x08004e8a   0x0000000d   Data   RO         2821    .constdata          my_nrf24.o
    0x08004e97   0x08004e97   0x00000001   PAD
    0x08004e98   0x08004e98   0x00000020   Data   RO         3550    Region$$Table       anon$$obj.o


    Execution Region RW_IRAM1 (Exec base: 0x20000000, Load base: 0x08004eb8, Size: 0x000008c8, Max: 0x00005000, ABSOLUTE)

    Exec Addr    Load Addr    Size         Type   Attr      Idx    E Section Name        Object

    0x20000000   0x08004eb8   0x00000068   Data   RW           40    .data               main.o
    0x20000068   0x08004f20   0x0000000c   Data   RW          807    .data               stm32f1xx_hal.o
    0x20000074   0x08004f2c   0x00000004   Data   RW         2736    .data               system_stm32f1xx.o
    0x20000078   0x08004f30   0x00000018   Data   RW         2822    .data               my_nrf24.o
    0x20000090        -       0x00000160   Zero   RW           38    .bss                main.o
    0x200001f0        -       0x00000020   Zero   RW         1513    .bss                stm32f1xx_hal_flash.o
    0x20000210        -       0x00000058   Zero   RW         2820    .bss                my_nrf24.o
    0x20000268        -       0x00000060   Zero   RW         3424    .bss                c_w.l(libspace.o)
    0x200002c8        -       0x00000200   Zero   RW            2    HEAP                startup_stm32f103xb.o
    0x200004c8        -       0x00000400   Zero   RW            1    STACK               startup_stm32f103xb.o


==============================================================================

Image component sizes


      Code (inc. data)   RO Data    RW Data    ZI Data      Debug   Object Name

       118          0          0          0          0       2297   flash.o
       470         24          0          0          0       5078   lcd20x4.o
      9530       1372         16        104        352     452229   main.o
      1794        106         13         24         88      21160   my_nrf24.o
       850         18          0          0          0      10906   rfid_rcc522.o
        64         26        236          0       1536        796   startup_stm32f103xb.o
       164         28          0         12          0       5773   stm32f1xx_hal.o
       172         14          0          0          0      28198   stm32f1xx_hal_cortex.o
       392         46          0          0         32       4598   stm32f1xx_hal_flash.o
       240         26          0          0          0       3181   stm32f1xx_hal_flash_ex.o
       500         34          0          0          0       3455   stm32f1xx_hal_gpio.o
       288         46          0          0          0       2693   stm32f1xx_hal_msp.o
      1176         60         18          0          0       3922   stm32f1xx_hal_rcc.o
      1688          4          0          0          0       8054   stm32f1xx_hal_spi.o
      1508         72          0          0          0      13673   stm32f1xx_hal_tim.o
       104         12          0          0          0       1324   stm32f1xx_hal_tim_ex.o
        20          0          0          0          0       3722   stm32f1xx_it.o
         2          0         16          4          0       1071   system_stm32f1xx.o

    ----------------------------------------------------------------------
     19112       1888        332        144       2008     572130   Object Totals
         0          0         32          0          0          0   (incl. Generated)
        32          0          1          0          0          0   (incl. Padding)

    ----------------------------------------------------------------------

      Code (inc. data)   RO Data    RW Data    ZI Data      Debug   Library Member Name

         8          0          0          0          0         68   __main.o
         0          0          0          0          0          0   __rtentry.o
        12          0          0          0          0          0   __rtentry2.o
         6          0          0          0          0          0   __rtentry4.o
        52          8          0          0          0          0   __scatter.o
        26          0          0          0          0          0   __scatter_copy.o
        28          0          0          0          0          0   __scatter_zi.o
        16          0          0          0          0         68   aeabi_memset.o
        18          0          0          0          0         80   exit.o
         6          0          0          0          0        152   heapauxi.o
         0          0          0          0          0          0   indicate_semi.o
         2          0          0          0          0          0   libinit.o
         2          0          0          0          0          0   libinit2.o
         2          0          0          0          0          0   libshutdown.o
         2          0          0          0          0          0   libshutdown2.o
         8          4          0          0         96         68   libspace.o
        38          0          0          0          0         68   llushr.o
        68          0          0          0          0         68   rt_memclr.o
        78          0          0          0          0         80   rt_memclr_w.o
       100          0          0          0          0         80   rt_memcpy_w.o
         2          0          0          0          0          0   rtexit.o
        10          0          0          0          0          0   rtexit2.o
       128          0          0          0          0         68   strcmpv7m.o
        12          4          0          0          0         68   sys_exit.o
        74          0          0          0          0         80   sys_stackheap_outer.o
         2          0          0          0          0         68   use_no_semi.o

    ----------------------------------------------------------------------
       708         16          0          0         96       1016   Library Totals
         8          0          0          0          0          0   (incl. Padding)

    ----------------------------------------------------------------------

      Code (inc. data)   RO Data    RW Data    ZI Data      Debug   Library Name

       700         16          0          0         96       1016   c_w.l

    ----------------------------------------------------------------------
       708         16          0          0         96       1016   Library Totals

    ----------------------------------------------------------------------

==============================================================================


      Code (inc. data)   RO Data    RW Data    ZI Data      Debug   

     19820       1904        332        144       2104     565186   Grand Totals
     19820       1904        332        144       2104     565186   ELF Image Totals
     19820       1904        332        144          0          0   ROM Totals

==============================================================================

    Total RO  Size (Code + RO Data)                20152 (  19.68kB)
    Total RW  Size (RW Data + ZI Data)              2248 (   2.20kB)
    Total ROM Size (Code + RO Data + RW Data)      20296 (  19.82kB)

==============================================================================

